<html>
<body>
<pre>
<h1>礦ision Build Log</h1>
<h2>Tool Versions:</h2>
IDE-Version: μVision V5.24.2.0
Copyright (C) 2017 ARM Ltd and ARM Germany GmbH. All rights reserved.
License Information: 1 11@qq.com, 1, LIC=76F5U-S6KEG-NNKAF-6R6W0-86HJJ-N4Q62
 
Tool Versions:
Toolchain:       MDK-ARM Plus  Version: 5.24.1
Toolchain Path:  D:\Keil\ARM\ARMCC\Bin
C Compiler:      Armcc.exe V5.06 update 5 (build 528)
Assembler:       Armasm.exe V5.06 update 5 (build 528)
Linker/Locator:  ArmLink.exe V5.06 update 5 (build 528)
Library Manager: ArmAr.exe V5.06 update 5 (build 528)
Hex Converter:   FromElf.exe V5.06 update 5 (build 528)
CPU DLL:         SARMCM3.DLL V5.24.1
Dialog DLL:      DARMSTM.DLL V1.68.0.0
Target DLL:      Segger\JL2CM3.dll V2.99.26.0
Dialog DLL:      TARMSTM.DLL V1.66.0.0
 
<h2>Project:</h2>
d:\Mine\Code\STM32\嵌入式系统设计\作业\AAA无人超市系统\代码整合\整合\基于ds温度项目整合\Project\RVMDK（uv5）\BH-F103.uvprojx
Project File Date:  12/19/2025

<h2>Output:</h2>
*** Using Compiler 'V5.06 update 5 (build 528)', folder: 'D:\Keil\ARM\ARMCC\Bin'
Build target 'SPI FLASH'
compiling main.c...
..\..\User\./led/bsp_led.h(29): warning:  #47-D: incompatible redefinition of macro "ON"  (declared at line 14 of "..\..\User\./beep/bsp_beep.h")
  #define ON  0
..\..\User\./led/bsp_led.h(30): warning:  #47-D: incompatible redefinition of macro "OFF"  (declared at line 15 of "..\..\User\./beep/bsp_beep.h")
  #define OFF 1
..\..\User\main.c(48): warning:  #174-D: expression has no effect
              
ED_RED(
FF);
..\..\User\main.c(246): warning:  #174-D: expression has no effect
      
ED_RED(
N);
..\..\User\main.c: 4 warnings, 0 errors
linking...
Program Size: Code=22754 RO-data=638 RW-data=92 ZI-data=13044  
FromELF: creating hex file...
"..\..\SPI_FLASH.axf" - 0 Error(s), 4 Warning(s).

<h2>Software Packages used:</h2>

Package Vendor: Keil
                http://www.keil.com/pack/Keil.STM32F1xx_DFP.2.2.0.pack
                Keil.STM32F1xx_DFP.2.2.0
                STMicroelectronics STM32F1 Series Device Support, Drivers and Examples

<h2>Collection of Component include folders:</h2>
  .\RTE\_SPI_FLASH
  D:\Keil\ARM\PACK\Keil\STM32F1xx_DFP\2.2.0\Device\Include

<h2>Collection of Component Files used:</h2>
Build Time Elapsed:  00:00:01
</pre>
</body>
</html>
