Component: ARM Compiler 5.06 update 5 (build 528) Tool: armlink [4d35e2]

==============================================================================

Section Cross References

    startup_stm32f10x_hd.o(RESET) refers to startup_stm32f10x_hd.o(STACK) for __initial_sp
    startup_stm32f10x_hd.o(RESET) refers to startup_stm32f10x_hd.o(.text) for Reset_Handler
    startup_stm32f10x_hd.o(RESET) refers to stm32f10x_it.o(.text) for NMI_Handler
    startup_stm32f10x_hd.o(RESET) refers to main.o(.text) for TIM2_IRQHandler
    startup_stm32f10x_hd.o(RESET) refers to tjc_usart_hmi.o(.text) for USART2_IRQHandler
    startup_stm32f10x_hd.o(.text) refers to system_stm32f10x.o(.text) for SystemInit
    startup_stm32f10x_hd.o(.text) refers to entry.o(.ARM.Collect$$$$00000000) for __main
    system_stm32f10x.o(.text) refers to system_stm32f10x.o(.data) for SystemCoreClock
    stm32f10x_adc.o(.text) refers to stm32f10x_rcc.o(.text) for RCC_APB2PeriphResetCmd
    stm32f10x_bkp.o(.text) refers to stm32f10x_rcc.o(.text) for RCC_BackupResetCmd
    stm32f10x_can.o(.text) refers to stm32f10x_rcc.o(.text) for RCC_APB1PeriphResetCmd
    stm32f10x_cec.o(.text) refers to stm32f10x_rcc.o(.text) for RCC_APB1PeriphResetCmd
    stm32f10x_dac.o(.text) refers to stm32f10x_rcc.o(.text) for RCC_APB1PeriphResetCmd
    stm32f10x_gpio.o(.text) refers to stm32f10x_rcc.o(.text) for RCC_APB2PeriphResetCmd
    stm32f10x_i2c.o(.text) refers to stm32f10x_rcc.o(.text) for RCC_APB1PeriphResetCmd
    stm32f10x_pwr.o(.text) refers to stm32f10x_rcc.o(.text) for RCC_APB1PeriphResetCmd
    stm32f10x_rcc.o(.text) refers to stm32f10x_rcc.o(.data) for APBAHBPrescTable
    stm32f10x_spi.o(.text) refers to stm32f10x_rcc.o(.text) for RCC_APB2PeriphResetCmd
    stm32f10x_tim.o(.text) refers to stm32f10x_rcc.o(.text) for RCC_APB2PeriphResetCmd
    stm32f10x_usart.o(.text) refers to stm32f10x_rcc.o(.text) for RCC_APB2PeriphResetCmd
    stm32f10x_wwdg.o(.text) refers to stm32f10x_rcc.o(.text) for RCC_APB1PeriphResetCmd
    main.o(.text) refers to products.o(.text) for Product_Find_By_ID
    main.o(.text) refers to memcpya.o(.text) for __aeabi_memcpy4
    main.o(.text) refers to screen.o(.text) for Screen_Load_New_Data
    main.o(.text) refers to stm32f10x_gpio.o(.text) for GPIO_ResetBits
    main.o(.text) refers to printfa.o(i.__0printf) for __2printf
    main.o(.text) refers to protocol.o(.text) for Protocol_Parse_Line
    main.o(.text) refers to f2d.o(.text) for __aeabi_f2d
    main.o(.text) refers to stm32f10x_rcc.o(.text) for RCC_APB1PeriphClockCmd
    main.o(.text) refers to stm32f10x_tim.o(.text) for TIM_TimeBaseInit
    main.o(.text) refers to misc.o(.text) for NVIC_Init
    main.o(.text) refers to stm32f10x_usart.o(.text) for USART_ITConfig
    main.o(.text) refers to bsp_usart_dma.o(.text) for USART_Config
    main.o(.text) refers to delay.o(.text) for delay_init
    main.o(.text) refers to bsp_beep.o(.text) for BEEP_GPIO_Config
    main.o(.text) refers to bsp_led.o(.text) for LED_GPIO_Config
    main.o(.text) refers to dht11.o(.text) for DHT11_Init
    main.o(.text) refers to ds18b20.o(.text) for DS18B20_Init
    main.o(.text) refers to cfrcmple.o(.text) for __aeabi_cfrcmple
    main.o(.text) refers to main.o(.data) for ShoppingState
    main.o(.text) refers to main.o(.bss) for shopping_car
    main.o(.text) refers to main.o(.conststring) for .conststring
    stm32f10x_it.o(.text) refers to stm32f10x_usart.o(.text) for USART_GetITStatus
    stm32f10x_it.o(.text) refers to protocol.o(.text) for Protocol_Receive_Byte_IRQ
    bsp_led.o(.text) refers to stm32f10x_rcc.o(.text) for RCC_APB2PeriphClockCmd
    bsp_led.o(.text) refers to stm32f10x_gpio.o(.text) for GPIO_Init
    bsp_spi_flash.o(.text) refers to stm32f10x_rcc.o(.text) for RCC_APB2PeriphClockCmd
    bsp_spi_flash.o(.text) refers to stm32f10x_gpio.o(.text) for GPIO_Init
    bsp_spi_flash.o(.text) refers to stm32f10x_spi.o(.text) for SPI_Init
    bsp_spi_flash.o(.text) refers to stm32f10x_dma.o(.text) for DMA_DeInit
    bsp_spi_flash.o(.text) refers to printfa.o(i.__0printf) for __2printf
    bsp_spi_flash.o(.text) refers to bsp_spi_flash.o(.data) for SPITimeout
    bsp_usart_dma.o(.text) refers to stm32f10x_rcc.o(.text) for RCC_APB2PeriphClockCmd
    bsp_usart_dma.o(.text) refers to misc.o(.text) for NVIC_PriorityGroupConfig
    bsp_usart_dma.o(.text) refers to stm32f10x_gpio.o(.text) for GPIO_Init
    bsp_usart_dma.o(.text) refers to stm32f10x_usart.o(.text) for USART_Init
    bsp_usart_dma.o(.text) refers to stm32f10x_dma.o(.text) for DMA_Init
    bsp_usart_dma.o(.text) refers to bsp_usart_dma.o(.bss) for ReceiveBuff
    protocol.o(.text) refers to memseta.o(.text) for __aeabi_memclr
    protocol.o(.text) refers to strstr.o(.text) for strstr
    protocol.o(.text) refers to strlen.o(.text) for strlen
    protocol.o(.text) refers to atoi.o(.text) for atoi
    protocol.o(.text) refers to atof.o(i.atof) for atof
    protocol.o(.text) refers to d2f.o(.text) for __aeabi_d2f
[...]
    ../clib/microlib/ctype/ctype.c           0x00000000   Number         0  isprint_o.o ABSOLUTE
    ../clib/microlib/ctype/ctype.c           0x00000000   Number         0  isupper_o.o ABSOLUTE
    ../clib/microlib/ctype/ctype.c           0x00000000   Number         0  isxdigit_o.o ABSOLUTE
    ../clib/microlib/ctype/ctype.c           0x00000000   Number         0  isspace_c.o ABSOLUTE
    ../clib/microlib/ctype/ctype.c           0x00000000   Number         0  ctype_c.o ABSOLUTE
    ../clib/microlib/ctype/ctype.c           0x00000000   Number         0  ctype_o.o ABSOLUTE
    ../clib/microlib/ctype/ctype.c           0x00000000   Number         0  isalpha_o.o ABSOLUTE
    ../clib/microlib/ctype/ctype.c           0x00000000   Number         0  isgraph_o.o ABSOLUTE
    ../clib/microlib/ctype/ctype.c           0x00000000   Number         0  isdigit_o.o ABSOLUTE
    ../clib/microlib/ctype/ctype.c           0x00000000   Number         0  iscntrl_o.o ABSOLUTE
    ../clib/microlib/ctype/ctype.c           0x00000000   Number         0  isblank_o.o ABSOLUTE
    ../clib/microlib/division.c              0x00000000   Number         0  uidiv.o ABSOLUTE
    ../clib/microlib/division.c              0x00000000   Number         0  uldiv.o ABSOLUTE
    ../clib/microlib/errno.c                 0x00000000   Number         0  errno.o ABSOLUTE
    ../clib/microlib/init/entry.s            0x00000000   Number         0  entry7b.o ABSOLUTE
    ../clib/microlib/init/entry.s            0x00000000   Number         0  entry8b.o ABSOLUTE
    ../clib/microlib/init/entry.s            0x00000000   Number         0  entry9a.o ABSOLUTE
    ../clib/microlib/init/entry.s            0x00000000   Number         0  entry9b.o ABSOLUTE
    ../clib/microlib/init/entry.s            0x00000000   Number         0  entry8a.o ABSOLUTE
    ../clib/microlib/init/entry.s            0x00000000   Number         0  entry10b.o ABSOLUTE
    ../clib/microlib/init/entry.s            0x00000000   Number         0  entry11a.o ABSOLUTE
    ../clib/microlib/init/entry.s            0x00000000   Number         0  entry11b.o ABSOLUTE
    ../clib/microlib/init/entry.s            0x00000000   Number         0  entry10a.o ABSOLUTE
    ../clib/microlib/init/entry.s            0x00000000   Number         0  entry.o ABSOLUTE
    ../clib/microlib/init/entry.s            0x00000000   Number         0  entry2.o ABSOLUTE
    ../clib/microlib/init/entry.s            0x00000000   Number         0  entry5.o ABSOLUTE
    ../clib/microlib/init/entry.s            0x00000000   Number         0  entry7a.o ABSOLUTE
    ../clib/microlib/longlong.c              0x00000000   Number         0  llushr.o ABSOLUTE
    ../clib/microlib/longlong.c              0x00000000   Number         0  llsshr.o ABSOLUTE
    ../clib/microlib/longlong.c              0x00000000   Number         0  llshl.o ABSOLUTE
    ../clib/microlib/printf/printf.c         0x00000000   Number         0  printf6.o ABSOLUTE
    ../clib/microlib/printf/printf.c         0x00000000   Number         0  printf5.o ABSOLUTE
    ../clib/microlib/printf/printf.c         0x00000000   Number         0  printfb.o ABSOLUTE
    ../clib/microlib/printf/printf.c         0x00000000   Number         0  printf4.o ABSOLUTE
    ../clib/microlib/printf/printf.c         0x00000000   Number         0  printf3.o ABSOLUTE
    ../clib/microlib/printf/printf.c         0x00000000   Number         0  printf1.o ABSOLUTE
    ../clib/microlib/printf/printf.c         0x00000000   Number         0  printf0.o ABSOLUTE
    ../clib/microlib/printf/printf.c         0x00000000   Number         0  printf2.o ABSOLUTE
    ../clib/microlib/printf/printf.c         0x00000000   Number         0  printfa.o ABSOLUTE
    ../clib/microlib/printf/printf.c         0x00000000   Number         0  printf8.o ABSOLUTE
    ../clib/microlib/printf/printf.c         0x00000000   Number         0  printf7.o ABSOLUTE
    ../clib/microlib/printf/stubs.s          0x00000000   Number         0  stubs.o ABSOLUTE
    ../clib/microlib/stdio/streams.c         0x00000000   Number         0  stdout.o ABSOLUTE
    ../clib/microlib/string/memcpy.c         0x00000000   Number         0  memcpya.o ABSOLUTE
    ../clib/microlib/string/memcpy.c         0x00000000   Number         0  memcpyb.o ABSOLUTE
    ../clib/microlib/string/memset.c         0x00000000   Number         0  memseta.o ABSOLUTE
    ../clib/microlib/string/strlen.c         0x00000000   Number         0  strlen.o ABSOLUTE
    ../clib/microlib/string/strncpy.c        0x00000000   Number         0  strncpy.o ABSOLUTE
    ../clib/microlib/string/strstr.c         0x00000000   Number         0  strstr.o ABSOLUTE
    ../clib/microlib/stubs.s                 0x00000000   Number         0  iusefp.o ABSOLUTE
    ../clib/scanf.c                          0x00000000   Number         0  _chval.o ABSOLUTE
    ../clib/scanf.c                          0x00000000   Number         0  scanf_fp.o ABSOLUTE
    ../clib/scanf.c                          0x00000000   Number         0  _sgetc.o ABSOLUTE
    ../clib/scanf.c                          0x00000000   Number         0  _strtoul.o ABSOLUTE
    ../clib/scanf.c                          0x00000000   Number         0  strtol.o ABSOLUTE
    ../clib/scanf.c                          0x00000000   Number         0  strtod.o ABSOLUTE
    ../clib/scanf.c                          0x00000000   Number         0  atoi.o ABSOLUTE
    ../fplib/microlib/d2f.c                  0x00000000   Number         0  d2f.o ABSOLUTE
    ../fplib/microlib/f2d.c                  0x00000000   Number         0  f2d.o ABSOLUTE
    ../fplib/microlib/fpadd.c                0x00000000   Number         0  fadd.o ABSOLUTE
    ../fplib/microlib/fpadd.c                0x00000000   Number         0  dadd.o ABSOLUTE
    ../fplib/microlib/fpdiv.c                0x00000000   Number         0  fdiv.o ABSOLUTE
    ../fplib/microlib/fpdiv.c                0x00000000   Number         0  ddiv.o ABSOLUTE
    ../fplib/microlib/fpepilogue.c           0x00000000   Number         0  fepilogue.o ABSOLUTE
    ../fplib/microlib/fpepilogue.c           0x00000000   Number         0  depilogue.o ABSOLUTE
    ../fplib/microlib/fpfix.c                0x00000000   Number         0  dfixul.o ABSOLUTE
    ../fplib/microlib/fpfix.c                0x00000000   Number         0  ffixui.o ABSOLUTE
    ../fplib/microlib/fpflt.c                0x00000000   Number         0  fflti.o ABSOLUTE
    ../fplib/microlib/fpflt.c                0x00000000   Number         0  dfltui.o ABSOLUTE
    ../fplib/microlib/fpflt.c                0x00000000   Number         0  dfltul.o ABSOLUTE
    ../fplib/microlib/fpmul.c                0x00000000   Number         0  dmul.o ABSOLUTE
    ../fplib/microlib/fpmul.c                0x00000000   Number         0  fmul.o ABSOLUTE
    ../mathlib/atof.c                        0x00000000   Number         0  atof.o ABSOLUTE
    ..\..\Libraries\CMSIS\startup\startup_stm32f10x_hd.s 0x00000000   Number         0  startup_stm32f10x_hd.o ABSOLUTE
    ..\..\Libraries\CMSIS\system_stm32f10x.c 0x00000000   Number         0  system_stm32f10x.o ABSOLUTE
    ..\..\Libraries\FWlib\src\misc.c         0x00000000   Number         0  misc.o ABSOLUTE
    ..\..\Libraries\FWlib\src\stm32f10x_adc.c 0x00000000   Number         0  stm32f10x_adc.o ABSOLUTE
    ..\..\Libraries\FWlib\src\stm32f10x_bkp.c 0x00000000   Number         0  stm32f10x_bkp.o ABSOLUTE
    ..\..\Libraries\FWlib\src\stm32f10x_can.c 0x00000000   Number         0  stm32f10x_can.o ABSOLUTE
    ..\..\Libraries\FWlib\src\stm32f10x_cec.c 0x00000000   Number         0  stm32f10x_cec.o ABSOLUTE
    ..\..\Libraries\FWlib\src\stm32f10x_crc.c 0x00000000   Number         0  stm32f10x_crc.o ABSOLUTE
    ..\..\Libraries\FWlib\src\stm32f10x_dac.c 0x00000000   Number         0  stm32f10x_dac.o ABSOLUTE
    ..\..\Libraries\FWlib\src\stm32f10x_dbgmcu.c 0x00000000   Number         0  stm32f10x_dbgmcu.o ABSOLUTE
    ..\..\Libraries\FWlib\src\stm32f10x_dma.c 0x00000000   Number         0  stm32f10x_dma.o ABSOLUTE
    ..\..\Libraries\FWlib\src\stm32f10x_exti.c 0x00000000   Number         0  stm32f10x_exti.o ABSOLUTE
    ..\..\Libraries\FWlib\src\stm32f10x_flash.c 0x00000000   Number         0  stm32f10x_flash.o ABSOLUTE
    ..\..\Libraries\FWlib\src\stm32f10x_fsmc.c 0x00000000   Number         0  stm32f10x_fsmc.o ABSOLUTE
    ..\..\Libraries\FWlib\src\stm32f10x_gpio.c 0x00000000   Number         0  stm32f10x_gpio.o ABSOLUTE
    ..\..\Libraries\FWlib\src\stm32f10x_i2c.c 0x00000000   Number         0  stm32f10x_i2c.o ABSOLUTE
    ..\..\Libraries\FWlib\src\stm32f10x_iwdg.c 0x00000000   Number         0  stm32f10x_iwdg.o ABSOLUTE
    ..\..\Libraries\FWlib\src\stm32f10x_pwr.c 0x00000000   Number         0  stm32f10x_pwr.o ABSOLUTE
    ..\..\Libraries\FWlib\src\stm32f10x_rcc.c 0x00000000   Number         0  stm32f10x_rcc.o ABSOLUTE
    ..\..\Libraries\FWlib\src\stm32f10x_rtc.c 0x00000000   Number         0  stm32f10x_rtc.o ABSOLUTE
    ..\..\Libraries\FWlib\src\stm32f10x_sdio.c 0x00000000   Number         0  stm32f10x_sdio.o ABSOLUTE
    ..\..\Libraries\FWlib\src\stm32f10x_spi.c 0x00000000   Number         0  stm32f10x_spi.o ABSOLUTE
    ..\..\Libraries\FWlib\src\stm32f10x_tim.c 0x00000000   Number         0  stm32f10x_tim.o ABSOLUTE
    ..\..\Libraries\FWlib\src\stm32f10x_usart.c 0x00000000   Number         0  stm32f10x_usart.o ABSOLUTE
    ..\..\Libraries\FWlib\src\stm32f10x_wwdg.c 0x00000000   Number         0  stm32f10x_wwdg.o ABSOLUTE
    ..\..\User\DHT11\DHT11.c                 0x00000000   Number         0  dht11.o ABSOLUTE
    ..\..\User\DS18B20\ds18b20.c             0x00000000   Number         0  ds18b20.o ABSOLUTE
    ..\..\User\beep\bsp_beep.c               0x00000000   Number         0  bsp_beep.o ABSOLUTE
    ..\..\User\bsp_usart_dma.c               0x00000000   Number         0  bsp_usart_dma.o ABSOLUTE
    ..\..\User\delay.c                       0x00000000   Number         0  delay.o ABSOLUTE
    ..\..\User\flash\bsp_spi_flash.c         0x00000000   Number         0  bsp_spi_flash.o ABSOLUTE
    ..\..\User\led\bsp_led.c                 0x00000000   Number         0  bsp_led.o ABSOLUTE
    ..\..\User\main.c                        0x00000000   Number         0  main.o ABSOLUTE
    ..\..\User\products.c                    0x00000000   Number         0  products.o ABSOLUTE
    ..\..\User\protocol.c                    0x00000000   Number         0  protocol.o ABSOLUTE
    ..\..\User\screen\screen.c               0x00000000   Number         0  screen.o ABSOLUTE
    ..\..\User\screen\tjc_usart_hmi.c        0x00000000   Number         0  tjc_usart_hmi.o ABSOLUTE
    ..\..\User\sg90.c                        0x00000000   Number         0  sg90.o ABSOLUTE
    ..\..\User\stm32f10x_it.c                0x00000000   Number         0  stm32f10x_it.o ABSOLUTE
    cdrcmple.s                               0x00000000   Number         0  cdrcmple.o ABSOLUTE
    cfcmple.s                                0x00000000   Number         0  cfcmple.o ABSOLUTE
    cfrcmple.s                               0x00000000   Number         0  cfrcmple.o ABSOLUTE
    dc.s                                     0x00000000   Number         0  dc.o ABSOLUTE
    handlers.s                               0x00000000   Number         0  handlers.o ABSOLUTE
    init.s                                   0x00000000   Number         0  init.o ABSOLUTE
    RESET                                    0x08000000   Section      304  startup_stm32f10x_hd.o(RESET)
    .ARM.Collect$$$$00000000                 0x08000130   Section        0  entry.o(.ARM.Collect$$$$00000000)
    .ARM.Collect$$$$00000001                 0x08000130   Section        4  entry2.o(.ARM.Collect$$$$00000001)
    .ARM.Collect$$$$00000004                 0x08000134   Section        4  entry5.o(.ARM.Collect$$$$00000004)
    .ARM.Collect$$$$00000008                 0x08000138   Section        0  entry7b.o(.ARM.Collect$$$$00000008)
    .ARM.Collect$$$$0000000A                 0x08000138   Section        0  entry8b.o(.ARM.Collect$$$$0000000A)
    .ARM.Collect$$$$0000000B                 0x08000138   Section        8  entry9a.o(.ARM.Collect$$$$0000000B)
    .ARM.Collect$$$$0000000D                 0x08000140   Section        0  entry10a.o(.ARM.Collect$$$$0000000D)
    .ARM.Collect$$$$0000000F                 0x08000140   Section        0  entry11a.o(.ARM.Collect$$$$0000000F)
    .ARM.Collect$$$$00002712                 0x08000140   Section        4  entry2.o(.ARM.Collect$$$$00002712)
    __lit__00000000                          0x08000140   Data           4  entry2.o(.ARM.Collect$$$$00002712)
    .text                                    0x08000144   Section       36  startup_stm32f10x_hd.o(.text)
    .text                                    0x08000168   Section        0  system_stm32f10x.o(.text)
    SetSysClockTo72                          0x08000169   Thumb Code   214  system_stm32f10x.o(.text)
    SetSysClock                              0x0800023f   Thumb Code     8  system_stm32f10x.o(.text)
    .text                                    0x08000348   Section        0  misc.o(.text)
    .text                                    0x08000424   Section        0  stm32f10x_dma.o(.text)
    .text                                    0x08000678   Section        0  stm32f10x_gpio.o(.text)
    .text                                    0x080009d4   Section        0  stm32f10x_rcc.o(.text)
    .text                                    0x08000d78   Section        0  stm32f10x_spi.o(.text)
    .text                                    0x08001084   Section        0  stm32f10x_tim.o(.text)
    TI4_Config                               0x0800152b   Thumb Code   130  stm32f10x_tim.o(.text)
    TI3_Config                               0x080015bf   Thumb Code   122  stm32f10x_tim.o(.text)
    TI2_Config                               0x08001653   Thumb Code   130  stm32f10x_tim.o(.text)
    TI1_Config                               0x080016e7   Thumb Code   108  stm32f10x_tim.o(.text)
    .text                                    0x08001ea0   Section        0  stm32f10x_usart.o(.text)
    .text                                    0x080022a8   Section        0  main.o(.text)
    .text                                    0x080029c4   Section        0  stm32f10x_it.o(.text)
    .text                                    0x08002a14   Section        0  bsp_led.o(.text)
    .text                                    0x08002a74   Section        0  bsp_spi_flash.o(.text)
    SPI_DMA_Config                           0x08002b43   Thumb Code    94  bsp_spi_flash.o(.text)
    SPI_TIMEOUT_UserCallback                 0x08002ba1   Thumb Code    16  bsp_spi_flash.o(.text)
    .text                                    0x080030ec   Section        0  bsp_usart_dma.o(.text)
    .text                                    0x080032e0   Section        0  protocol.o(.text)
    Get_Value_By_Key                         0x08003323   Thumb Code    98  protocol.o(.text)
    .text                                    0x08003524   Section        0  products.o(.text)
    .text                                    0x080038f4   Section        0  delay.o(.text)
    .text                                    0x080039c8   Section        0  ds18b20.o(.text)
    .text                                    0x08003c08   Section        0  screen.o(.text)
    .text                                    0x08003da4   Section        0  tjc_usart_hmi.o(.text)
    .text                                    0x080040e4   Section        0  dht11.o(.text)
    .text                                    0x080042a4   Section        0  bsp_beep.o(.text)
    .text                                    0x080042d8   Section        0  memcpya.o(.text)
    .text                                    0x080042fc   Section        0  memseta.o(.text)
    .text                                    0x08004320   Section        0  strstr.o(.text)
    .text                                    0x08004344   Section        0  strncpy.o(.text)
    .text                                    0x0800435c   Section        0  strlen.o(.text)
    .text                                    0x0800436a   Section        0  atoi.o(.text)
    .text                                    0x08004384   Section        0  fadd.o(.text)
    .text                                    0x08004434   Section        0  fmul.o(.text)
    .text                                    0x08004498   Section        0  dmul.o(.text)
    .text                                    0x0800457c   Section        0  fflti.o(.text)
    .text                                    0x0800458e   Section        0  dfltui.o(.text)
    .text                                    0x080045a8   Section        0  f2d.o(.text)
    .text                                    0x080045ce   Section        0  d2f.o(.text)
    .text                                    0x08004608   Section       20  cfrcmple.o(.text)
    .text                                    0x0800461c   Section        0  uidiv.o(.text)
    .text                                    0x08004648   Section        0  uldiv.o(.text)
    .text                                    0x080046ac   Section        0  strtod.o(.text)
    _local_sscanf                            0x080046ad   Thumb Code    54  strtod.o(.text)
    .text                                    0x08004748   Section        0  strtol.o(.text)
    .text                                    0x080047b8   Section        0  iusefp.o(.text)
    .text                                    0x080047b8   Section        0  fepilogue.o(.text)
    .text                                    0x08004826   Section        0  depilogue.o(.text)
    .text                                    0x080048e0   Section        0  dadd.o(.text)
    .text                                    0x08004a2e   Section        0  ddiv.o(.text)
    .text                                    0x08004b0c   Section        0  dfixul.o(.text)
    .text                                    0x08004b3c   Section       48  cdrcmple.o(.text)
    .text                                    0x08004b6c   Section       36  init.o(.text)
    .text                                    0x08004b90   Section        0  llshl.o(.text)
    .text                                    0x08004bae   Section        0  llushr.o(.text)
    .text                                    0x08004bce   Section        0  llsshr.o(.text)
    .text                                    0x08004bf4   Section        0  ctype_o.o(.text)
    .text                                    0x08004bfc   Section        0  isspace_o.o(.text)
    .text                                    0x08004c10   Section        0  scanf_fp.o(.text)
    _fp_value                                0x08004c11   Thumb Code   296  scanf_fp.o(.text)
    .text                                    0x08004f70   Section        0  _sgetc.o(.text)
    .text                                    0x08004fb0   Section        0  _strtoul.o(.text)
    .text                                    0x0800504e   Section        0  _chval.o(.text)
    .text                                    0x0800506a   Section        0  dfltul.o(.text)
    i.__0printf                              0x08005084   Section        0  printfa.o(i.__0printf)
    i.__0vsnprintf                           0x080050a4   Section        0  printfa.o(i.__0vsnprintf)
    i.__aeabi_errno_addr                     0x080050d0   Section        0  errno.o(i.__aeabi_errno_addr)
    i.__read_errno                           0x080050d8   Section        0  errno.o(i.__read_errno)
    i.__scatterload_copy                     0x080050e4   Section       14  handlers.o(i.__scatterload_copy)
    i.__scatterload_null                     0x080050f2   Section        2  handlers.o(i.__scatterload_null)
    i.__scatterload_zeroinit                 0x080050f4   Section       14  handlers.o(i.__scatterload_zeroinit)
    i.__set_errno                            0x08005104   Section        0  errno.o(i.__set_errno)
    i._fp_digits                             0x08005110   Section        0  printfa.o(i._fp_digits)
    _fp_digits                               0x08005111   Thumb Code   366  printfa.o(i._fp_digits)
    i._is_digit                              0x08005294   Section        0  scanf_fp.o(i._is_digit)
    i._printf_core                           0x080052a4   Section        0  printfa.o(i._printf_core)
    _printf_core                             0x080052a5   Thumb Code  1744  printfa.o(i._printf_core)
    i._printf_post_padding                   0x08005980   Section        0  printfa.o(i._printf_post_padding)
    _printf_post_padding                     0x08005981   Thumb Code    36  printfa.o(i._printf_post_padding)
    i._printf_pre_padding                    0x080059a4   Section        0  printfa.o(i._printf_pre_padding)
    _printf_pre_padding                      0x080059a5   Thumb Code    46  printfa.o(i._printf_pre_padding)
    i._snputc                                0x080059d2   Section        0  printfa.o(i._snputc)
    _snputc                                  0x080059d3   Thumb Code    22  printfa.o(i._snputc)
    i.atof                                   0x080059e8   Section        0  atof.o(i.atof)
    .constdata                               0x08005a12   Section      129  ctype_o.o(.constdata)
    .constdata                               0x08005a94   Section        4  ctype_o.o(.constdata)
    table                                    0x08005a94   Data           4  ctype_o.o(.constdata)
    .conststring                             0x08005a98   Section      165  main.o(.conststring)
    .data                                    0x20000000   Section       20  system_stm32f10x.o(.data)
    .data                                    0x20000014   Section       20  stm32f10x_rcc.o(.data)
    APBAHBPrescTable                         0x20000014   Data          16  stm32f10x_rcc.o(.data)
    ADCPrescTable                            0x20000024   Data           4  stm32f10x_rcc.o(.data)
    .data                                    0x20000028   Section       24  main.o(.data)
    .data                                    0x20000040   Section        5  bsp_spi_flash.o(.data)
    SPITimeout                               0x20000040   Data           4  bsp_spi_flash.o(.data)
    dummyByte                                0x20000044   Data           1  bsp_spi_flash.o(.data)
    .data                                    0x20000048   Section        4  products.o(.data)
    g_cached_total_count                     0x20000048   Data           4  products.o(.data)
    .data                                    0x2000004c   Section        4  delay.o(.data)
    fac_us                                   0x2000004c   Data           1  delay.o(.data)
    fac_ms                                   0x2000004e   Data           2  delay.o(.data)
    .data                                    0x20000050   Section        4  screen.o(.data)
    .data                                    0x20000054   Section        4  stdout.o(.data)
    .data                                    0x20000058   Section        4  errno.o(.data)
    _errno                                   0x20000058   Data           4  errno.o(.data)
    .bss                                     0x2000005c   Section     4556  main.o(.bss)
    .bss                                     0x20001228   Section     5000  bsp_usart_dma.o(.bss)
    .bss                                     0x200025b0   Section     1158  protocol.o(.bss)
    .bss                                     0x20002a38   Section      792  screen.o(.bss)
    .bss                                     0x20002d50   Section      506  tjc_usart_hmi.o(.bss)
    STACK                                    0x20002f50   Section     1024  startup_stm32f10x_hd.o(STACK)

    Global Symbols

    Symbol Name                              Value     Ov Type        Size  Object(Section)

    BuildAttributes$$THM_ISAv4$P$D$K$B$S$PE$A:L22UL41UL21$X:L11$S22US41US21$IEEE1$IW$USESV6$~STKCKD$USESV7$~SHL$OTIME$ROPI$IEEEJ$EBA8$MICROLIB$REQ8$PRES8$EABIv2 0x00000000   Number         0  anon$$obj.o ABSOLUTE
    __ARM_use_no_argv                        0x00000000   Number         0  main.o ABSOLUTE
    _printf_a                                0x00000000   Number         0  stubs.o ABSOLUTE
    _printf_c                                0x00000000   Number         0  stubs.o ABSOLUTE
    _printf_charcount                        0x00000000   Number         0  stubs.o ABSOLUTE
    _printf_d                                0x00000000   Number         0  stubs.o ABSOLUTE
    _printf_e                                0x00000000   Number         0  stubs.o ABSOLUTE
    _printf_f                                0x00000000   Number         0  stubs.o ABSOLUTE
    _printf_flags                            0x00000000   Number         0  stubs.o ABSOLUTE
    _printf_fp_dec                           0x00000000   Number         0  stubs.o ABSOLUTE
    _printf_fp_hex                           0x00000000   Number         0  stubs.o ABSOLUTE
    _printf_g                                0x00000000   Number         0  stubs.o ABSOLUTE
    _printf_i                                0x00000000   Number         0  stubs.o ABSOLUTE
    _printf_int_dec                          0x00000000   Number         0  stubs.o ABSOLUTE
    _printf_l                                0x00000000   Number         0  stubs.o ABSOLUTE
    _printf_lc                               0x00000000   Number         0  stubs.o ABSOLUTE
    _printf_ll                               0x00000000   Number         0  stubs.o ABSOLUTE
    _printf_lld                              0x00000000   Number         0  stubs.o ABSOLUTE
    _printf_lli                              0x00000000   Number         0  stubs.o ABSOLUTE
    _printf_llo                              0x00000000   Number         0  stubs.o ABSOLUTE
    _printf_llu                              0x00000000   Number         0  stubs.o ABSOLUTE
    _printf_llx                              0x00000000   Number         0  stubs.o ABSOLUTE
    _printf_longlong_dec                     0x00000000   Number         0  stubs.o ABSOLUTE
    _printf_longlong_hex                     0x00000000   Number         0  stubs.o ABSOLUTE
    _printf_longlong_oct                     0x00000000   Number         0  stubs.o ABSOLUTE
    _printf_ls                               0x00000000   Number         0  stubs.o ABSOLUTE
    _printf_mbtowc                           0x00000000   Number         0  stubs.o ABSOLUTE
    _printf_n                                0x00000000   Number         0  stubs.o ABSOLUTE
    _printf_o                                0x00000000   Number         0  stubs.o ABSOLUTE
    _printf_p                                0x00000000   Number         0  stubs.o ABSOLUTE
    _printf_percent                          0x00000000   Number         0  stubs.o ABSOLUTE
    _printf_pre_padding                      0x00000000   Number         0  stubs.o ABSOLUTE
    _printf_return_value                     0x00000000   Number         0  stubs.o ABSOLUTE
    _printf_s                                0x00000000   Number         0  stubs.o ABSOLUTE
    _printf_sizespec                         0x00000000   Number         0  stubs.o ABSOLUTE
    _printf_str                              0x00000000   Number         0  stubs.o ABSOLUTE
    _printf_truncate_signed                  0x00000000   Number         0  stubs.o ABSOLUTE
    _printf_truncate_unsigned                0x00000000   Number         0  stubs.o ABSOLUTE
    _printf_u                                0x00000000   Number         0  stubs.o ABSOLUTE
    _printf_wc                               0x00000000   Number         0  stubs.o ABSOLUTE
    _printf_wctomb                           0x00000000   Number         0  stubs.o ABSOLUTE
    _printf_widthprec                        0x00000000   Number         0  stubs.o ABSOLUTE
    _printf_x                                0x00000000   Number         0  stubs.o ABSOLUTE
    __cpp_initialize__aeabi_                  - Undefined Weak Reference
    __cxa_finalize                            - Undefined Weak Reference
    __decompress                              - Undefined Weak Reference
    _clock_init                               - Undefined Weak Reference
    _microlib_exit                            - Undefined Weak Reference
    __Vectors_Size                           0x00000130   Number         0  startup_stm32f10x_hd.o ABSOLUTE
    __Vectors                                0x08000000   Data           4  startup_stm32f10x_hd.o(RESET)
    __Vectors_End                            0x08000130   Data           0  startup_stm32f10x_hd.o(RESET)
    __main                                   0x08000131   Thumb Code     0  entry.o(.ARM.Collect$$$$00000000)
    _main_stk                                0x08000131   Thumb Code     0  entry2.o(.ARM.Collect$$$$00000001)
    _main_scatterload                        0x08000135   Thumb Code     0  entry5.o(.ARM.Collect$$$$00000004)
    __main_after_scatterload                 0x08000139   Thumb Code     0  entry5.o(.ARM.Collect$$$$00000004)
    _main_clock                              0x08000139   Thumb Code     0  entry7b.o(.ARM.Collect$$$$00000008)
    _main_cpp_init                           0x08000139   Thumb Code     0  entry8b.o(.ARM.Collect$$$$0000000A)
    _main_init                               0x08000139   Thumb Code     0  entry9a.o(.ARM.Collect$$$$0000000B)
    __rt_final_cpp                           0x08000141   Thumb Code     0  entry10a.o(.ARM.Collect$$$$0000000D)
    __rt_final_exit                          0x08000141   Thumb Code     0  entry11a.o(.ARM.Collect$$$$0000000F)
    Reset_Handler                            0x08000145   Thumb Code     8  startup_stm32f10x_hd.o(.text)
    ADC1_2_IRQHandler                        0x0800015f   Thumb Code     0  startup_stm32f10x_hd.o(.text)
    ADC3_IRQHandler                          0x0800015f   Thumb Code     0  startup_stm32f10x_hd.o(.text)
    CAN1_RX1_IRQHandler                      0x0800015f   Thumb Code     0  startup_stm32f10x_hd.o(.text)
    CAN1_SCE_IRQHandler                      0x0800015f   Thumb Code     0  startup_stm32f10x_hd.o(.text)
    DMA1_Channel1_IRQHandler                 0x0800015f   Thumb Code     0  startup_stm32f10x_hd.o(.text)
    DMA1_Channel2_IRQHandler                 0x0800015f   Thumb Code     0  startup_stm32f10x_hd.o(.text)
    DMA1_Channel3_IRQHandler                 0x0800015f   Thumb Code     0  startup_stm32f10x_hd.o(.text)
    DMA1_Channel4_IRQHandler                 0x0800015f   Thumb Code     0  startup_stm32f10x_hd.o(.text)
    DMA1_Channel5_IRQHandler                 0x0800015f   Thumb Code     0  startup_stm32f10x_hd.o(.text)
    DMA1_Channel6_IRQHandler                 0x0800015f   Thumb Code     0  startup_stm32f10x_hd.o(.text)
    DMA1_Channel7_IRQHandler                 0x0800015f   Thumb Code     0  startup_stm32f10x_hd.o(.text)
    DMA2_Channel1_IRQHandler                 0x0800015f   Thumb Code     0  startup_stm32f10x_hd.o(.text)
    DMA2_Channel2_IRQHandler                 0x0800015f   Thumb Code     0  startup_stm32f10x_hd.o(.text)
    DMA2_Channel3_IRQHandler                 0x0800015f   Thumb Code     0  startup_stm32f10x_hd.o(.text)
    DMA2_Channel4_5_IRQHandler               0x0800015f   Thumb Code     0  startup_stm32f10x_hd.o(.text)
    EXTI0_IRQHandler                         0x0800015f   Thumb Code     0  startup_stm32f10x_hd.o(.text)
    EXTI15_10_IRQHandler                     0x0800015f   Thumb Code     0  startup_stm32f10x_hd.o(.text)
    EXTI1_IRQHandler                         0x0800015f   Thumb Code     0  startup_stm32f10x_hd.o(.text)
    EXTI2_IRQHandler                         0x0800015f   Thumb Code     0  startup_stm32f10x_hd.o(.text)
    EXTI3_IRQHandler                         0x0800015f   Thumb Code     0  startup_stm32f10x_hd.o(.text)
    EXTI4_IRQHandler                         0x0800015f   Thumb Code     0  startup_stm32f10x_hd.o(.text)
    EXTI9_5_IRQHandler                       0x0800015f   Thumb Code     0  startup_stm32f10x_hd.o(.text)
    FLASH_IRQHandler                         0x0800015f   Thumb Code     0  startup_stm32f10x_hd.o(.text)
    FSMC_IRQHandler                          0x0800015f   Thumb Code     0  startup_stm32f10x_hd.o(.text)
    I2C1_ER_IRQHandler                       0x0800015f   Thumb Code     0  startup_stm32f10x_hd.o(.text)
    I2C1_EV_IRQHandler                       0x0800015f   Thumb Code     0  startup_stm32f10x_hd.o(.text)
    I2C2_ER_IRQHandler                       0x0800015f   Thumb Code     0  startup_stm32f10x_hd.o(.text)
    I2C2_EV_IRQHandler                       0x0800015f   Thumb Code     0  startup_stm32f10x_hd.o(.text)
    PVD_IRQHandler                           0x0800015f   Thumb Code     0  startup_stm32f10x_hd.o(.text)
    RCC_IRQHandler                           0x0800015f   Thumb Code     0  startup_stm32f10x_hd.o(.text)
    RTCAlarm_IRQHandler                      0x0800015f   Thumb Code     0  startup_stm32f10x_hd.o(.text)
    RTC_IRQHandler                           0x0800015f   Thumb Code     0  startup_stm32f10x_hd.o(.text)
    SDIO_IRQHandler                          0x0800015f   Thumb Code     0  startup_stm32f10x_hd.o(.text)
    SPI1_IRQHandler                          0x0800015f   Thumb Code     0  startup_stm32f10x_hd.o(.text)
    SPI2_IRQHandler                          0x0800015f   Thumb Code     0  startup_stm32f10x_hd.o(.text)
    SPI3_IRQHandler                          0x0800015f   Thumb Code     0  startup_stm32f10x_hd.o(.text)
    TAMPER_IRQHandler                        0x0800015f   Thumb Code     0  startup_stm32f10x_hd.o(.text)
    TIM1_BRK_IRQHandler                      0x0800015f   Thumb Code     0  startup_stm32f10x_hd.o(.text)
    TIM1_CC_IRQHandler                       0x0800015f   Thumb Code     0  startup_stm32f10x_hd.o(.text)
    TIM1_TRG_COM_IRQHandler                  0x0800015f   Thumb Code     0  startup_stm32f10x_hd.o(.text)
    TIM1_UP_IRQHandler                       0x0800015f   Thumb Code     0  startup_stm32f10x_hd.o(.text)
    TIM3_IRQHandler                          0x0800015f   Thumb Code     0  startup_stm32f10x_hd.o(.text)
    TIM4_IRQHandler                          0x0800015f   Thumb Code     0  startup_stm32f10x_hd.o(.text)
    TIM5_IRQHandler                          0x0800015f   Thumb Code     0  startup_stm32f10x_hd.o(.text)
    TIM6_IRQHandler                          0x0800015f   Thumb Code     0  startup_stm32f10x_hd.o(.text)
    TIM7_IRQHandler                          0x0800015f   Thumb Code     0  startup_stm32f10x_hd.o(.text)
    TIM8_BRK_IRQHandler                      0x0800015f   Thumb Code     0  startup_stm32f10x_hd.o(.text)
    TIM8_CC_IRQHandler                       0x0800015f   Thumb Code     0  startup_stm32f10x_hd.o(.text)
    TIM8_TRG_COM_IRQHandler                  0x0800015f   Thumb Code     0  startup_stm32f10x_hd.o(.text)
    TIM8_UP_IRQHandler                       0x0800015f   Thumb Code     0  startup_stm32f10x_hd.o(.text)
    UART4_IRQHandler                         0x0800015f   Thumb Code     0  startup_stm32f10x_hd.o(.text)
    UART5_IRQHandler                         0x0800015f   Thumb Code     0  startup_stm32f10x_hd.o(.text)
    USART3_IRQHandler                        0x0800015f   Thumb Code     0  startup_stm32f10x_hd.o(.text)
    USBWakeUp_IRQHandler                     0x0800015f   Thumb Code     0  startup_stm32f10x_hd.o(.text)
    USB_HP_CAN1_TX_IRQHandler                0x0800015f   Thumb Code     0  startup_stm32f10x_hd.o(.text)
    USB_LP_CAN1_RX0_IRQHandler               0x0800015f   Thumb Code     0  startup_stm32f10x_hd.o(.text)
    WWDG_IRQHandler                          0x0800015f   Thumb Code     0  startup_stm32f10x_hd.o(.text)
    SystemInit                               0x08000247   Thumb Code    78  system_stm32f10x.o(.text)
    SystemCoreClockUpdate                    0x08000295   Thumb Code   142  system_stm32f10x.o(.text)
    NVIC_PriorityGroupConfig                 0x08000349   Thumb Code    10  misc.o(.text)
    NVIC_Init                                0x08000353   Thumb Code   100  misc.o(.text)
    NVIC_SetVectorTable                      0x080003b7   Thumb Code    14  misc.o(.text)
    NVIC_SystemLPConfig                      0x080003c5   Thumb Code    34  misc.o(.text)
    SysTick_CLKSourceConfig                  0x080003e7   Thumb Code    40  misc.o(.text)
    DMA_DeInit                               0x08000425   Thumb Code   324  stm32f10x_dma.o(.text)
    DMA_Init                                 0x08000569   Thumb Code    60  stm32f10x_dma.o(.text)
    DMA_StructInit                           0x080005a5   Thumb Code    26  stm32f10x_dma.o(.text)
    DMA_Cmd                                  0x080005bf   Thumb Code    24  stm32f10x_dma.o(.text)
    DMA_ITConfig                             0x080005d7   Thumb Code    18  stm32f10x_dma.o(.text)
    DMA_SetCurrDataCounter                   0x080005e9   Thumb Code     4  stm32f10x_dma.o(.text)
    DMA_GetCurrDataCounter                   0x080005ed   Thumb Code     8  stm32f10x_dma.o(.text)
    DMA_GetFlagStatus                        0x080005f5   Thumb Code    40  stm32f10x_dma.o(.text)
    DMA_ClearFlag                            0x0800061d   Thumb Code    22  stm32f10x_dma.o(.text)
    DMA_GetITStatus                          0x08000633   Thumb Code    40  stm32f10x_dma.o(.text)
    DMA_ClearITPendingBit                    0x0800065b   Thumb Code    22  stm32f10x_dma.o(.text)
    GPIO_DeInit                              0x08000679   Thumb Code   172  stm32f10x_gpio.o(.text)
    GPIO_AFIODeInit                          0x08000725   Thumb Code    20  stm32f10x_gpio.o(.text)
    GPIO_Init                                0x08000739   Thumb Code   278  stm32f10x_gpio.o(.text)
    GPIO_StructInit                          0x0800084f   Thumb Code    16  stm32f10x_gpio.o(.text)
    GPIO_ReadInputDataBit                    0x0800085f   Thumb Code    18  stm32f10x_gpio.o(.text)
    GPIO_ReadInputData                       0x08000871   Thumb Code     8  stm32f10x_gpio.o(.text)
    GPIO_ReadOutputDataBit                   0x08000879   Thumb Code    18  stm32f10x_gpio.o(.text)
    GPIO_ReadOutputData                      0x0800088b   Thumb Code     8  stm32f10x_gpio.o(.text)
    GPIO_SetBits                             0x08000893   Thumb Code     4  stm32f10x_gpio.o(.text)
    GPIO_ResetBits                           0x08000897   Thumb Code     4  stm32f10x_gpio.o(.text)
    GPIO_WriteBit                            0x0800089b   Thumb Code    10  stm32f10x_gpio.o(.text)
    GPIO_Write                               0x080008a5   Thumb Code     4  stm32f10x_gpio.o(.text)
    GPIO_PinLockConfig                       0x080008a9   Thumb Code    18  stm32f10x_gpio.o(.text)
    GPIO_EventOutputConfig                   0x080008bb   Thumb Code    26  stm32f10x_gpio.o(.text)
    GPIO_EventOutputCmd                      0x080008d5   Thumb Code     6  stm32f10x_gpio.o(.text)
    GPIO_PinRemapConfig                      0x080008db   Thumb Code   138  stm32f10x_gpio.o(.text)
    GPIO_EXTILineConfig                      0x08000965   Thumb Code    66  stm32f10x_gpio.o(.text)
    GPIO_ETH_MediaInterfaceConfig            0x080009a7   Thumb Code     8  stm32f10x_gpio.o(.text)
    RCC_DeInit                               0x080009d5   Thumb Code    64  stm32f10x_rcc.o(.text)
    RCC_HSEConfig                            0x08000a15   Thumb Code    70  stm32f10x_rcc.o(.text)
    RCC_GetFlagStatus                        0x08000a5b   Thumb Code    56  stm32f10x_rcc.o(.text)
    RCC_WaitForHSEStartUp                    0x08000a93   Thumb Code    56  stm32f10x_rcc.o(.text)
    RCC_AdjustHSICalibrationValue            0x08000acb   Thumb Code    20  stm32f10x_rcc.o(.text)
    RCC_HSICmd                               0x08000adf   Thumb Code     6  stm32f10x_rcc.o(.text)
    RCC_PLLConfig                            0x08000ae5   Thumb Code    24  stm32f10x_rcc.o(.text)
    RCC_PLLCmd                               0x08000afd   Thumb Code     6  stm32f10x_rcc.o(.text)
    RCC_SYSCLKConfig                         0x08000b03   Thumb Code    18  stm32f10x_rcc.o(.text)
    RCC_GetSYSCLKSource                      0x08000b15   Thumb Code    10  stm32f10x_rcc.o(.text)
    RCC_HCLKConfig                           0x08000b1f   Thumb Code    18  stm32f10x_rcc.o(.text)
    RCC_PCLK1Config                          0x08000b31   Thumb Code    18  stm32f10x_rcc.o(.text)
    RCC_PCLK2Config                          0x08000b43   Thumb Code    20  stm32f10x_rcc.o(.text)
    RCC_ITConfig                             0x08000b57   Thumb Code    26  stm32f10x_rcc.o(.text)
    RCC_USBCLKConfig                         0x08000b71   Thumb Code     8  stm32f10x_rcc.o(.text)
    RCC_ADCCLKConfig                         0x08000b79   Thumb Code    18  stm32f10x_rcc.o(.text)
    RCC_LSEConfig                            0x08000b8b   Thumb Code    50  stm32f10x_rcc.o(.text)
    RCC_LSICmd                               0x08000bbd   Thumb Code     6  stm32f10x_rcc.o(.text)
    RCC_RTCCLKConfig                         0x08000bc3   Thumb Code    12  stm32f10x_rcc.o(.text)
    RCC_RTCCLKCmd                            0x08000bcf   Thumb Code     8  stm32f10x_rcc.o(.text)
    RCC_GetClocksFreq                        0x08000bd7   Thumb Code   192  stm32f10x_rcc.o(.text)
    RCC_AHBPeriphClockCmd                    0x08000c97   Thumb Code    26  stm32f10x_rcc.o(.text)
    RCC_APB2PeriphClockCmd                   0x08000cb1   Thumb Code    26  stm32f10x_rcc.o(.text)
    RCC_APB1PeriphClockCmd                   0x08000ccb   Thumb Code    26  stm32f10x_rcc.o(.text)
    RCC_APB2PeriphResetCmd                   0x08000ce5   Thumb Code    26  stm32f10x_rcc.o(.text)
    RCC_APB1PeriphResetCmd                   0x08000cff   Thumb Code    26  stm32f10x_rcc.o(.text)
    RCC_BackupResetCmd                       0x08000d19   Thumb Code     8  stm32f10x_rcc.o(.text)
    RCC_ClockSecuritySystemCmd               0x08000d21   Thumb Code     6  stm32f10x_rcc.o(.text)
    RCC_MCOConfig                            0x08000d27   Thumb Code     6  stm32f10x_rcc.o(.text)
    RCC_ClearFlag                            0x08000d2d   Thumb Code    14  stm32f10x_rcc.o(.text)
    RCC_GetITStatus                          0x08000d3b   Thumb Code    20  stm32f10x_rcc.o(.text)
    RCC_ClearITPendingBit                    0x08000d4f   Thumb Code     6  stm32f10x_rcc.o(.text)
    SPI_I2S_DeInit                           0x08000d79   Thumb Code    76  stm32f10x_spi.o(.text)
    SPI_Init                                 0x08000dc5   Thumb Code    60  stm32f10x_spi.o(.text)
    I2S_Init                                 0x08000e01   Thumb Code   226  stm32f10x_spi.o(.text)
    SPI_StructInit                           0x08000ee3   Thumb Code    24  stm32f10x_spi.o(.text)
    I2S_StructInit                           0x08000efb   Thumb Code    20  stm32f10x_spi.o(.text)
    SPI_Cmd                                  0x08000f0f   Thumb Code    24  stm32f10x_spi.o(.text)
    I2S_Cmd                                  0x08000f27   Thumb Code    24  stm32f10x_spi.o(.text)
    SPI_I2S_ITConfig                         0x08000f3f   Thumb Code    32  stm32f10x_spi.o(.text)
    SPI_I2S_DMACmd                           0x08000f5f   Thumb Code    18  stm32f10x_spi.o(.text)
    SPI_I2S_SendData                         0x08000f71   Thumb Code     4  stm32f10x_spi.o(.text)
    SPI_I2S_ReceiveData                      0x08000f75   Thumb Code     6  stm32f10x_spi.o(.text)
    SPI_NSSInternalSoftwareConfig            0x08000f7b   Thumb Code    30  stm32f10x_spi.o(.text)
    SPI_SSOutputCmd                          0x08000f99   Thumb Code    24  stm32f10x_spi.o(.text)
    SPI_DataSizeConfig                       0x08000fb1   Thumb Code    18  stm32f10x_spi.o(.text)
    SPI_TransmitCRC                          0x08000fc3   Thumb Code    10  stm32f10x_spi.o(.text)
    SPI_CalculateCRC                         0x08000fcd   Thumb Code    24  stm32f10x_spi.o(.text)
    SPI_GetCRC                               0x08000fe5   Thumb Code    16  stm32f10x_spi.o(.text)
    SPI_GetCRCPolynomial                     0x08000ff5   Thumb Code     6  stm32f10x_spi.o(.text)
    SPI_BiDirectionalLineConfig              0x08000ffb   Thumb Code    28  stm32f10x_spi.o(.text)
    SPI_I2S_GetFlagStatus                    0x08001017   Thumb Code    18  stm32f10x_spi.o(.text)
    SPI_I2S_ClearFlag                        0x08001029   Thumb Code     6  stm32f10x_spi.o(.text)
    SPI_I2S_GetITStatus                      0x0800102f   Thumb Code    52  stm32f10x_spi.o(.text)
    SPI_I2S_ClearITPendingBit                0x08001063   Thumb Code    20  stm32f10x_spi.o(.text)
    TIM_DeInit                               0x08001085   Thumb Code   424  stm32f10x_tim.o(.text)
    TIM_TimeBaseInit                         0x0800122d   Thumb Code   122  stm32f10x_tim.o(.text)
    TIM_OC1Init                              0x080012a7   Thumb Code   132  stm32f10x_tim.o(.text)
    TIM_OC2Init                              0x0800132b   Thumb Code   154  stm32f10x_tim.o(.text)
    TIM_OC3Init                              0x080013c5   Thumb Code   150  stm32f10x_tim.o(.text)
    TIM_OC4Init                              0x0800145b   Thumb Code   182  stm32f10x_tim.o(.text)
    TIM_SetIC4Prescaler                      0x08001511   Thumb Code    26  stm32f10x_tim.o(.text)
    TIM_SetIC3Prescaler                      0x080015ad   Thumb Code    18  stm32f10x_tim.o(.text)
    TIM_SetIC2Prescaler                      0x08001639   Thumb Code    26  stm32f10x_tim.o(.text)
    TIM_SetIC1Prescaler                      0x080016d5   Thumb Code    18  stm32f10x_tim.o(.text)
    TIM_ICInit                               0x08001753   Thumb Code   150  stm32f10x_tim.o(.text)
    TIM_PWMIConfig                           0x080017e9   Thumb Code   124  stm32f10x_tim.o(.text)
    TIM_BDTRConfig                           0x08001865   Thumb Code    32  stm32f10x_tim.o(.text)
    TIM_TimeBaseStructInit                   0x08001885   Thumb Code    18  stm32f10x_tim.o(.text)
    TIM_OCStructInit                         0x08001897   Thumb Code    20  stm32f10x_tim.o(.text)
    TIM_ICStructInit                         0x080018ab   Thumb Code    18  stm32f10x_tim.o(.text)
    TIM_BDTRStructInit                       0x080018bd   Thumb Code    40  stm32f10x_tim.o(.text)
    TIM_Cmd                                  0x080018e5   Thumb Code    24  stm32f10x_tim.o(.text)
    TIM_CtrlPWMOutputs                       0x080018fd   Thumb Code    30  stm32f10x_tim.o(.text)
    TIM_ITConfig                             0x0800191b   Thumb Code    18  stm32f10x_tim.o(.text)
    TIM_GenerateEvent                        0x0800192d   Thumb Code     4  stm32f10x_tim.o(.text)
    TIM_DMAConfig                            0x08001931   Thumb Code    10  stm32f10x_tim.o(.text)
    TIM_DMACmd                               0x0800193b   Thumb Code    18  stm32f10x_tim.o(.text)
    TIM_InternalClockConfig                  0x0800194d   Thumb Code    12  stm32f10x_tim.o(.text)
    TIM_SelectInputTrigger                   0x08001959   Thumb Code    18  stm32f10x_tim.o(.text)
    TIM_ITRxExternalClockConfig              0x0800196b   Thumb Code    24  stm32f10x_tim.o(.text)
    TIM_TIxExternalClockConfig               0x08001983   Thumb Code    62  stm32f10x_tim.o(.text)
    TIM_ETRConfig                            0x080019c1   Thumb Code    28  stm32f10x_tim.o(.text)
    TIM_ETRClockMode1Config                  0x080019dd   Thumb Code    54  stm32f10x_tim.o(.text)
    TIM_ETRClockMode2Config                  0x08001a13   Thumb Code    32  stm32f10x_tim.o(.text)
    TIM_PrescalerConfig                      0x08001a33   Thumb Code     6  stm32f10x_tim.o(.text)
    TIM_CounterModeConfig                    0x08001a39   Thumb Code    18  stm32f10x_tim.o(.text)
    TIM_EncoderInterfaceConfig               0x08001a4b   Thumb Code    66  stm32f10x_tim.o(.text)
    TIM_ForcedOC1Config                      0x08001a8d   Thumb Code    18  stm32f10x_tim.o(.text)
    TIM_ForcedOC2Config                      0x08001a9f   Thumb Code    26  stm32f10x_tim.o(.text)
    TIM_ForcedOC3Config                      0x08001ab9   Thumb Code    18  stm32f10x_tim.o(.text)
    TIM_ForcedOC4Config                      0x08001acb   Thumb Code    26  stm32f10x_tim.o(.text)
    TIM_ARRPreloadConfig                     0x08001ae5   Thumb Code    24  stm32f10x_tim.o(.text)
    TIM_SelectCOM                            0x08001afd   Thumb Code    24  stm32f10x_tim.o(.text)
    TIM_SelectCCDMA                          0x08001b15   Thumb Code    24  stm32f10x_tim.o(.text)
    TIM_CCPreloadControl                     0x08001b2d   Thumb Code    24  stm32f10x_tim.o(.text)
    TIM_OC1PreloadConfig                     0x08001b45   Thumb Code    18  stm32f10x_tim.o(.text)
    TIM_OC2PreloadConfig                     0x08001b57   Thumb Code    26  stm32f10x_tim.o(.text)
    TIM_OC3PreloadConfig                     0x08001b71   Thumb Code    18  stm32f10x_tim.o(.text)
    TIM_OC4PreloadConfig                     0x08001b83   Thumb Code    26  stm32f10x_tim.o(.text)
    TIM_OC1FastConfig                        0x08001b9d   Thumb Code    18  stm32f10x_tim.o(.text)
    TIM_OC2FastConfig                        0x08001baf   Thumb Code    26  stm32f10x_tim.o(.text)
    TIM_OC3FastConfig                        0x08001bc9   Thumb Code    18  stm32f10x_tim.o(.text)
    TIM_OC4FastConfig                        0x08001bdb   Thumb Code    26  stm32f10x_tim.o(.text)
    TIM_ClearOC1Ref                          0x08001bf5   Thumb Code    18  stm32f10x_tim.o(.text)
    TIM_ClearOC2Ref                          0x08001c07   Thumb Code    24  stm32f10x_tim.o(.text)
    TIM_ClearOC3Ref                          0x08001c1f   Thumb Code    18  stm32f10x_tim.o(.text)
    TIM_ClearOC4Ref                          0x08001c31   Thumb Code    24  stm32f10x_tim.o(.text)
    TIM_OC1PolarityConfig                    0x08001c49   Thumb Code    18  stm32f10x_tim.o(.text)
    TIM_OC1NPolarityConfig                   0x08001c5b   Thumb Code    18  stm32f10x_tim.o(.text)
    TIM_OC2PolarityConfig                    0x08001c6d   Thumb Code    26  stm32f10x_tim.o(.text)
    TIM_OC2NPolarityConfig                   0x08001c87   Thumb Code    26  stm32f10x_tim.o(.text)
    TIM_OC3PolarityConfig                    0x08001ca1   Thumb Code    26  stm32f10x_tim.o(.text)
    TIM_OC3NPolarityConfig                   0x08001cbb   Thumb Code    26  stm32f10x_tim.o(.text)
    TIM_OC4PolarityConfig                    0x08001cd5   Thumb Code    26  stm32f10x_tim.o(.text)
    TIM_CCxCmd                               0x08001cef   Thumb Code    30  stm32f10x_tim.o(.text)
    TIM_CCxNCmd                              0x08001d0d   Thumb Code    30  stm32f10x_tim.o(.text)
    TIM_SelectOCxM                           0x08001d2b   Thumb Code    82  stm32f10x_tim.o(.text)
    TIM_UpdateDisableConfig                  0x08001d7d   Thumb Code    24  stm32f10x_tim.o(.text)
    TIM_UpdateRequestConfig                  0x08001d95   Thumb Code    24  stm32f10x_tim.o(.text)
    TIM_SelectHallSensor                     0x08001dad   Thumb Code    24  stm32f10x_tim.o(.text)
    TIM_SelectOnePulseMode                   0x08001dc5   Thumb Code    18  stm32f10x_tim.o(.text)
    TIM_SelectOutputTrigger                  0x08001dd7   Thumb Code    18  stm32f10x_tim.o(.text)
    TIM_SelectSlaveMode                      0x08001de9   Thumb Code    18  stm32f10x_tim.o(.text)
    TIM_SelectMasterSlaveMode                0x08001dfb   Thumb Code    18  stm32f10x_tim.o(.text)
    TIM_SetCounter                           0x08001e0d   Thumb Code     4  stm32f10x_tim.o(.text)
    TIM_SetAutoreload                        0x08001e11   Thumb Code     4  stm32f10x_tim.o(.text)
    TIM_SetCompare1                          0x08001e15   Thumb Code     4  stm32f10x_tim.o(.text)
    TIM_SetCompare2                          0x08001e19   Thumb Code     4  stm32f10x_tim.o(.text)
    TIM_SetCompare3                          0x08001e1d   Thumb Code     4  stm32f10x_tim.o(.text)
    TIM_SetCompare4                          0x08001e21   Thumb Code     6  stm32f10x_tim.o(.text)
    TIM_SetClockDivision                     0x08001e27   Thumb Code    18  stm32f10x_tim.o(.text)
    TIM_GetCapture1                          0x08001e39   Thumb Code     6  stm32f10x_tim.o(.text)
    TIM_GetCapture2                          0x08001e3f   Thumb Code     6  stm32f10x_tim.o(.text)
    TIM_GetCapture3                          0x08001e45   Thumb Code     6  stm32f10x_tim.o(.text)
    TIM_GetCapture4                          0x08001e4b   Thumb Code     8  stm32f10x_tim.o(.text)
    TIM_GetCounter                           0x08001e53   Thumb Code     6  stm32f10x_tim.o(.text)
    TIM_GetPrescaler                         0x08001e59   Thumb Code     6  stm32f10x_tim.o(.text)
    TIM_GetFlagStatus                        0x08001e5f   Thumb Code    18  stm32f10x_tim.o(.text)
    TIM_ClearFlag                            0x08001e71   Thumb Code     6  stm32f10x_tim.o(.text)
    TIM_GetITStatus                          0x08001e77   Thumb Code    34  stm32f10x_tim.o(.text)
    TIM_ClearITPendingBit                    0x08001e99   Thumb Code     6  stm32f10x_tim.o(.text)
    USART_DeInit                             0x08001ea1   Thumb Code   134  stm32f10x_usart.o(.text)
    USART_Init                               0x08001f27   Thumb Code   210  stm32f10x_usart.o(.text)
    USART_StructInit                         0x08001ff9   Thumb Code    24  stm32f10x_usart.o(.text)
    USART_ClockInit                          0x08002011   Thumb Code    34  stm32f10x_usart.o(.text)
    USART_ClockStructInit                    0x08002033   Thumb Code    12  stm32f10x_usart.o(.text)
    USART_Cmd                                0x0800203f   Thumb Code    24  stm32f10x_usart.o(.text)
    USART_ITConfig                           0x08002057   Thumb Code    74  stm32f10x_usart.o(.text)
    USART_DMACmd                             0x080020a1   Thumb Code    18  stm32f10x_usart.o(.text)
    USART_SetAddress                         0x080020b3   Thumb Code    18  stm32f10x_usart.o(.text)
    USART_WakeUpConfig                       0x080020c5   Thumb Code    18  stm32f10x_usart.o(.text)
    USART_ReceiverWakeUpCmd                  0x080020d7   Thumb Code    24  stm32f10x_usart.o(.text)
    USART_LINBreakDetectLengthConfig         0x080020ef   Thumb Code    18  stm32f10x_usart.o(.text)
    USART_LINCmd                             0x08002101   Thumb Code    24  stm32f10x_usart.o(.text)
    USART_SendData                           0x08002119   Thumb Code     8  stm32f10x_usart.o(.text)
    USART_ReceiveData                        0x08002121   Thumb Code    10  stm32f10x_usart.o(.text)
    USART_SendBreak                          0x0800212b   Thumb Code    10  stm32f10x_usart.o(.text)
    USART_SetGuardTime                       0x08002135   Thumb Code    16  stm32f10x_usart.o(.text)
    USART_SetPrescaler                       0x08002145   Thumb Code    16  stm32f10x_usart.o(.text)
    USART_SmartCardCmd                       0x08002155   Thumb Code    24  stm32f10x_usart.o(.text)
    USART_SmartCardNACKCmd                   0x0800216d   Thumb Code    24  stm32f10x_usart.o(.text)
    USART_HalfDuplexCmd                      0x08002185   Thumb Code    24  stm32f10x_usart.o(.text)
    USART_OverSampling8Cmd                   0x0800219d   Thumb Code    22  stm32f10x_usart.o(.text)
    USART_OneBitMethodCmd                    0x080021b3   Thumb Code    24  stm32f10x_usart.o(.text)
    USART_IrDAConfig                         0x080021cb   Thumb Code    18  stm32f10x_usart.o(.text)
    USART_IrDACmd                            0x080021dd   Thumb Code    24  stm32f10x_usart.o(.text)
    USART_GetFlagStatus                      0x080021f5   Thumb Code    26  stm32f10x_usart.o(.text)
    USART_ClearFlag                          0x0800220f   Thumb Code    18  stm32f10x_usart.o(.text)
    USART_GetITStatus                        0x08002221   Thumb Code    84  stm32f10x_usart.o(.text)
    USART_ClearITPendingBit                  0x08002275   Thumb Code    52  stm32f10x_usart.o(.text)
    Shop_transtate                           0x080022a9   Thumb Code    14  main.o(.text)
    Slave_transtate                          0x080022b7   Thumb Code     6  main.o(.text)
    add_product_to_shopping_car              0x080022bd   Thumb Code   140  main.o(.text)
    clear_shopping_car                       0x08002349   Thumb Code     8  main.o(.text)
    refresh_MCU_products_list                0x08002351   Thumb Code    14  main.o(.text)
    callEmergencyHandler                     0x0800235f   Thumb Code    28  main.o(.text)
    control_Servo_Door                       0x0800237b   Thumb Code    22  main.o(.text)
    callSyncHandler                          0x08002391   Thumb Code   322  main.o(.text)
    Setup_TIM2_Interrupt                     0x080024d3   Thumb Code    96  main.o(.text)
    Setup_USART_Interrupt                    0x08002533   Thumb Code    50  main.o(.text)
    main                                     0x08002565   Thumb Code   926  main.o(.text)
    TIM2_IRQHandler                          0x08002903   Thumb Code    82  main.o(.text)
    NMI_Handler                              0x080029c5   Thumb Code     2  stm32f10x_it.o(.text)
    HardFault_Handler                        0x080029c7   Thumb Code     4  stm32f10x_it.o(.text)
    MemManage_Handler                        0x080029cb   Thumb Code     4  stm32f10x_it.o(.text)
    BusFault_Handler                         0x080029cf   Thumb Code     4  stm32f10x_it.o(.text)
    UsageFault_Handler                       0x080029d3   Thumb Code     4  stm32f10x_it.o(.text)
    SVC_Handler                              0x080029d7   Thumb Code     2  stm32f10x_it.o(.text)
    DebugMon_Handler                         0x080029d9   Thumb Code     2  stm32f10x_it.o(.text)
    PendSV_Handler                           0x080029db   Thumb Code     2  stm32f10x_it.o(.text)
    SysTick_Handler                          0x080029dd   Thumb Code     2  stm32f10x_it.o(.text)
    USART1_IRQHandler                        0x080029df   Thumb Code    50  stm32f10x_it.o(.text)
    LED_GPIO_Config                          0x08002a15   Thumb Code    90  bsp_led.o(.text)
    SPI_FLASH_Init                           0x08002a75   Thumb Code   206  bsp_spi_flash.o(.text)
    SPI_FLASH_SendByte                       0x08002bb1   Thumb Code   110  bsp_spi_flash.o(.text)
    SPI_FLASH_WaitForWriteEnd                0x08002c1f   Thumb Code    46  bsp_spi_flash.o(.text)
    SPI_FLASH_WriteEnable                    0x08002c4d   Thumb Code    26  bsp_spi_flash.o(.text)
    SPI_FLASH_SectorErase                    0x08002c67   Thumb Code    62  bsp_spi_flash.o(.text)
    SPI_FLASH_BulkErase                      0x08002ca5   Thumb Code    34  bsp_spi_flash.o(.text)
    SPI_FLASH_PageWrite                      0x08002cc7   Thumb Code   148  bsp_spi_flash.o(.text)
    SPI_FLASH_BufferWrite                    0x08002d5b   Thumb Code   290  bsp_spi_flash.o(.text)
    SPI_FLASH_BufferRead                     0x08002e7d   Thumb Code   266  bsp_spi_flash.o(.text)
    SPI_FLASH_ReadID                         0x08002f87   Thumb Code    74  bsp_spi_flash.o(.text)
    SPI_FLASH_ReadDeviceID                   0x08002fd1   Thumb Code    56  bsp_spi_flash.o(.text)
    SPI_FLASH_StartReadSequence              0x08003009   Thumb Code    42  bsp_spi_flash.o(.text)
    SPI_FLASH_ReadByte                       0x08003033   Thumb Code    10  bsp_spi_flash.o(.text)
    SPI_FLASH_SendHalfWord                   0x0800303d   Thumb Code   104  bsp_spi_flash.o(.text)
    SPI_Flash_PowerDown                      0x080030a5   Thumb Code    26  bsp_spi_flash.o(.text)
    SPI_Flash_WAKEUP                         0x080030bf   Thumb Code    26  bsp_spi_flash.o(.text)
    USART_Config                             0x080030ed   Thumb Code   168  bsp_usart_dma.o(.text)
    Usart_SendByte                           0x08003195   Thumb Code    30  bsp_usart_dma.o(.text)
    Usart_SendArray                          0x080031b3   Thumb Code    48  bsp_usart_dma.o(.text)
    Usart_SendString                         0x080031e3   Thumb Code    42  bsp_usart_dma.o(.text)
    Usart_SendHalfWord                       0x0800320d   Thumb Code    60  bsp_usart_dma.o(.text)
    fputc                                    0x08003249   Thumb Code    32  bsp_usart_dma.o(.text)
    fgetc                                    0x08003269   Thumb Code    26  bsp_usart_dma.o(.text)
    USARTx_DMA_Config                        0x08003283   Thumb Code    78  bsp_usart_dma.o(.text)
    Protocol_Init                            0x080032e1   Thumb Code    14  protocol.o(.text)
    Protocol_Receive_Byte_IRQ                0x080032ef   Thumb Code    52  protocol.o(.text)
    Protocol_Parse_Line                      0x08003385   Thumb Code   324  protocol.o(.text)
    Product_Manager_Init                     0x08003525   Thumb Code   100  products.o(.text)
    Product_Clear_Database                   0x08003589   Thumb Code    50  products.o(.text)
    Product_Update_Metadata                  0x080035bb   Thumb Code    42  products.o(.text)
    Product_Write_Item                       0x080035e5   Thumb Code    66  products.o(.text)
    Product_Read_ByIndex                     0x08003627   Thumb Code    40  products.o(.text)
    Product_Find_By_ID                       0x0800364f   Thumb Code    80  products.o(.text)
    Product_Get_All_Info                     0x0800369f   Thumb Code    62  products.o(.text)
    Product_Debug_Dump_All                   0x080036dd   Thumb Code    96  products.o(.text)
    delay_init                               0x080038f5   Thumb Code    50  delay.o(.text)
    delay_us                                 0x08003927   Thumb Code    72  delay.o(.text)
    delay_ms                                 0x0800396f   Thumb Code    72  delay.o(.text)
    DS18B20_IO_IN                            0x080039c9   Thumb Code    26  ds18b20.o(.text)
    DS18B20_IO_OUT                           0x080039e3   Thumb Code    32  ds18b20.o(.text)
    DS18B20_Reset                            0x08003a03   Thumb Code    36  ds18b20.o(.text)
    DS18B20_Check                            0x08003a27   Thumb Code    78  ds18b20.o(.text)
    DS18B20_Read_Bit                         0x08003a75   Thumb Code    60  ds18b20.o(.text)
    DS18B20_Read_Byte                        0x08003ab1   Thumb Code    34  ds18b20.o(.text)
    DS18B20_Write_Byte                       0x08003ad3   Thumb Code    84  ds18b20.o(.text)
    DS18B20_Start                            0x08003b27   Thumb Code    24  ds18b20.o(.text)
    DS18B20_Init                             0x08003b3f   Thumb Code    56  ds18b20.o(.text)
    DS18B20_GetTemperture                    0x08003b77   Thumb Code   120  ds18b20.o(.text)
    Screen_Load_New_Data                     0x08003c09   Thumb Code    80  screen.o(.text)
    Screen_Shopping_System_Init              0x08003c59   Thumb Code    24  screen.o(.text)
    Screen_Check_Start_Shopping_Msg          0x08003c71   Thumb Code    38  screen.o(.text)
    Screen_Update_HMI_Shopping_List          0x08003c97   Thumb Code    82  screen.o(.text)
    Screen_Calculate_And_Send_Total          0x08003ce9   Thumb Code    76  screen.o(.text)
    Screen_Wait_For_PayOff_Msg               0x08003d35   Thumb Code    38  screen.o(.text)
    uart1_init                               0x08003da5   Thumb Code   200  tjc_usart_hmi.o(.text)
    uart2_init                               0x08003e6d   Thumb Code   196  tjc_usart_hmi.o(.text)
    TJC_SendData                             0x08003f31   Thumb Code    44  tjc_usart_hmi.o(.text)
    TJCPrintf                                0x08003f5d   Thumb Code   138  tjc_usart_hmi.o(.text)
    initRingBuff                             0x08003fe7   Thumb Code    12  tjc_usart_hmi.o(.text)
    writeRingBuff                            0x08003ff3   Thumb Code    54  tjc_usart_hmi.o(.text)
    deleteRingBuff                           0x08004029   Thumb Code    74  tjc_usart_hmi.o(.text)
    read1BFromRingBuff                       0x08004073   Thumb Code    32  tjc_usart_hmi.o(.text)
    getRingBuffLenght                        0x08004093   Thumb Code     6  tjc_usart_hmi.o(.text)
    isRingBuffOverflow                       0x08004099   Thumb Code    18  tjc_usart_hmi.o(.text)
    USART2_IRQHandler                        0x080040ab   Thumb Code    42  tjc_usart_hmi.o(.text)
    DHT11_IO_OUT                             0x080040e5   Thumb Code    32  dht11.o(.text)
    DHT11_IO_IN                              0x08004105   Thumb Code    26  dht11.o(.text)
    DHT11_RST                                0x0800411f   Thumb Code    40  dht11.o(.text)
    DHT11_Check                              0x08004147   Thumb Code    88  dht11.o(.text)
    DHT11_Init                               0x0800419f   Thumb Code    20  dht11.o(.text)
    DHT11_Read_Bit                           0x080041b3   Thumb Code    90  dht11.o(.text)
    DHT11_Read_Byte                          0x0800420d   Thumb Code    30  dht11.o(.text)
    DHT11_Read_Data                          0x0800422b   Thumb Code    88  dht11.o(.text)
    DHT11_GetHumidity                        0x08004283   Thumb Code    28  dht11.o(.text)
    BEEP_GPIO_Config                         0x080042a5   Thumb Code    46  bsp_beep.o(.text)
    __aeabi_memcpy                           0x080042d9   Thumb Code    36  memcpya.o(.text)
    __aeabi_memcpy4                          0x080042d9   Thumb Code     0  memcpya.o(.text)
    __aeabi_memcpy8                          0x080042d9   Thumb Code     0  memcpya.o(.text)
    __aeabi_memset                           0x080042fd   Thumb Code    14  memseta.o(.text)
    __aeabi_memset4                          0x080042fd   Thumb Code     0  memseta.o(.text)
    __aeabi_memset8                          0x080042fd   Thumb Code     0  memseta.o(.text)
    __aeabi_memclr                           0x0800430b   Thumb Code     4  memseta.o(.text)
    __aeabi_memclr4                          0x0800430b   Thumb Code     0  memseta.o(.text)
    __aeabi_memclr8                          0x0800430b   Thumb Code     0  memseta.o(.text)
    _memset$wrapper                          0x0800430f   Thumb Code    18  memseta.o(.text)
    strstr                                   0x08004321   Thumb Code    36  strstr.o(.text)
    strncpy                                  0x08004345   Thumb Code    24  strncpy.o(.text)
    strlen                                   0x0800435d   Thumb Code    14  strlen.o(.text)
    atoi                                     0x0800436b   Thumb Code    26  atoi.o(.text)
    __aeabi_fadd                             0x08004385   Thumb Code   164  fadd.o(.text)
    __aeabi_fsub                             0x08004429   Thumb Code     6  fadd.o(.text)
    __aeabi_frsub                            0x0800442f   Thumb Code     6  fadd.o(.text)
    __aeabi_fmul                             0x08004435   Thumb Code   100  fmul.o(.text)
    __aeabi_dmul                             0x08004499   Thumb Code   228  dmul.o(.text)
    __aeabi_i2f                              0x0800457d   Thumb Code    18  fflti.o(.text)
    __aeabi_ui2d                             0x0800458f   Thumb Code    26  dfltui.o(.text)
    __aeabi_f2d                              0x080045a9   Thumb Code    38  f2d.o(.text)
    __aeabi_d2f                              0x080045cf   Thumb Code    56  d2f.o(.text)
    __aeabi_cfrcmple                         0x08004609   Thumb Code    20  cfrcmple.o(.text)
    __aeabi_uidiv                            0x0800461d   Thumb Code     0  uidiv.o(.text)
    __aeabi_uidivmod                         0x0800461d   Thumb Code    44  uidiv.o(.text)
    __aeabi_uldivmod                         0x08004649   Thumb Code    98  uldiv.o(.text)
    __strtod_int                             0x080046e3   Thumb Code    90  strtod.o(.text)
    strtol                                   0x08004749   Thumb Code   112  strtol.o(.text)
    __I$use$fp                               0x080047b9   Thumb Code     0  iusefp.o(.text)
    _float_round                             0x080047b9   Thumb Code    18  fepilogue.o(.text)
    _float_epilogue                          0x080047cb   Thumb Code    92  fepilogue.o(.text)
    _double_round                            0x08004827   Thumb Code    30  depilogue.o(.text)
    _double_epilogue                         0x08004845   Thumb Code   156  depilogue.o(.text)
    __aeabi_dadd                             0x080048e1   Thumb Code   322  dadd.o(.text)
    __aeabi_dsub                             0x08004a23   Thumb Code     6  dadd.o(.text)
    __aeabi_drsub                            0x08004a29   Thumb Code     6  dadd.o(.text)
    __aeabi_ddiv                             0x08004a2f   Thumb Code   222  ddiv.o(.text)
    __aeabi_d2ulz                            0x08004b0d   Thumb Code    48  dfixul.o(.text)
    __aeabi_cdrcmple                         0x08004b3d   Thumb Code    48  cdrcmple.o(.text)
    __scatterload                            0x08004b6d   Thumb Code    28  init.o(.text)
    __scatterload_rt2                        0x08004b6d   Thumb Code     0  init.o(.text)
    __aeabi_llsl                             0x08004b91   Thumb Code    30  llshl.o(.text)
    _ll_shift_l                              0x08004b91   Thumb Code     0  llshl.o(.text)
    __aeabi_llsr                             0x08004baf   Thumb Code    32  llushr.o(.text)
    _ll_ushift_r                             0x08004baf   Thumb Code     0  llushr.o(.text)
    __aeabi_lasr                             0x08004bcf   Thumb Code    36  llsshr.o(.text)
    _ll_sshift_r                             0x08004bcf   Thumb Code     0  llsshr.o(.text)
    __rt_ctype_table                         0x08004bf5   Thumb Code     4  ctype_o.o(.text)
    isspace                                  0x08004bfd   Thumb Code    18  isspace_o.o(.text)
    _scanf_real                              0x08004d39   Thumb Code     0  scanf_fp.o(.text)
    _scanf_really_real                       0x08004d39   Thumb Code   556  scanf_fp.o(.text)
    _sgetc                                   0x08004f71   Thumb Code    30  _sgetc.o(.text)
    _sbackspace                              0x08004f8f   Thumb Code    34  _sgetc.o(.text)
    _strtoul                                 0x08004fb1   Thumb Code   158  _strtoul.o(.text)
    _chval                                   0x0800504f   Thumb Code    28  _chval.o(.text)
    __aeabi_ul2d                             0x0800506b   Thumb Code    24  dfltul.o(.text)
    __0printf                                0x08005085   Thumb Code    22  printfa.o(i.__0printf)
    __1printf                                0x08005085   Thumb Code     0  printfa.o(i.__0printf)
    __2printf                                0x08005085   Thumb Code     0  printfa.o(i.__0printf)
    __c89printf                              0x08005085   Thumb Code     0  printfa.o(i.__0printf)
    printf                                   0x08005085   Thumb Code     0  printfa.o(i.__0printf)
    __0vsnprintf                             0x080050a5   Thumb Code    40  printfa.o(i.__0vsnprintf)
    __1vsnprintf                             0x080050a5   Thumb Code     0  printfa.o(i.__0vsnprintf)
    __2vsnprintf                             0x080050a5   Thumb Code     0  printfa.o(i.__0vsnprintf)
    __c89vsnprintf                           0x080050a5   Thumb Code     0  printfa.o(i.__0vsnprintf)
    vsnprintf                                0x080050a5   Thumb Code     0  printfa.o(i.__0vsnprintf)
    __aeabi_errno_addr                       0x080050d1   Thumb Code     4  errno.o(i.__aeabi_errno_addr)
    __rt_errno_addr                          0x080050d1   Thumb Code     0  errno.o(i.__aeabi_errno_addr)
    __read_errno                             0x080050d9   Thumb Code     6  errno.o(i.__read_errno)
    __scatterload_copy                       0x080050e5   Thumb Code    14  handlers.o(i.__scatterload_copy)
    __scatterload_null                       0x080050f3   Thumb Code     2  handlers.o(i.__scatterload_null)
    __scatterload_zeroinit                   0x080050f5   Thumb Code    14  handlers.o(i.__scatterload_zeroinit)
    __set_errno                              0x08005105   Thumb Code     6  errno.o(i.__set_errno)
    _is_digit                                0x08005295   Thumb Code    14  scanf_fp.o(i._is_digit)
    atof                                     0x080059e9   Thumb Code    42  atof.o(i.atof)
    __ctype_table                            0x08005a12   Data         129  ctype_o.o(.constdata)
    Region$$Table$$Base                      0x08005b40   Number         0  anon$$obj.o(Region$$Table)
    Region$$Table$$Limit                     0x08005b60   Number         0  anon$$obj.o(Region$$Table)
    SystemCoreClock                          0x20000000   Data           4  system_stm32f10x.o(.data)
    AHBPrescTable                            0x20000004   Data          16  system_stm32f10x.o(.data)
    last_ShoppingState                       0x20000028   Data           1  main.o(.data)
    ShoppingState                            0x20000029   Data           1  main.o(.data)
    SlaveState                               0x2000002a   Data           1  main.o(.data)
    sync_received_cnt                        0x2000002c   Data           4  main.o(.data)
    sync_expect_total                        0x20000030   Data           4  main.o(.data)
    sensor_data                              0x20000034   Data           8  main.o(.data)
    total_products2paid                      0x2000003c   Data           4  main.o(.data)
    totalItems                               0x20000050   Data           4  screen.o(.data)
    __stdout                                 0x20000054   Data           4  stdout.o(.data)
    rx_packet                                0x2000005c   Data          68  main.o(.bss)
    shopping_car                             0x200000a0   Data        4488  main.o(.bss)
    ReceiveBuff                              0x20001228   Data        5000  bsp_usart_dma.o(.bss)
    g_protocol                               0x200025b0   Data        1158  protocol.o(.bss)
    myItems                                  0x20002a38   Data         264  screen.o(.bss)
    myPrices                                 0x20002b40   Data         264  screen.o(.bss)
    myCounts                                 0x20002c48   Data         264  screen.o(.bss)
    ringBuff                                 0x20002d50   Data         506  tjc_usart_hmi.o(.bss)
    __initial_sp                             0x20003350   Data           0  startup_stm32f10x_hd.o(STACK)



==============================================================================

Memory Map of the image

  Image Entry point : 0x08000131

  Load Region LR_IROM1 (Base: 0x08000000, Size: 0x00005bbc, Max: 0x00080000, ABSOLUTE)

    Execution Region ER_IROM1 (Exec base: 0x08000000, Load base: 0x08000000, Size: 0x00005b60, Max: 0x00080000, ABSOLUTE)

    Exec Addr    Load Addr    Size         Type   Attr      Idx    E Section Name        Object

    0x08000000   0x08000000   0x00000130   Data   RO            3    RESET               startup_stm32f10x_hd.o
    0x08000130   0x08000130   0x00000000   Code   RO          677  * .ARM.Collect$$$$00000000  mc_w.l(entry.o)
    0x08000130   0x08000130   0x00000004   Code   RO          977    .ARM.Collect$$$$00000001  mc_w.l(entry2.o)
    0x08000134   0x08000134   0x00000004   Code   RO          980    .ARM.Collect$$$$00000004  mc_w.l(entry5.o)
    0x08000138   0x08000138   0x00000000   Code   RO          982    .ARM.Collect$$$$00000008  mc_w.l(entry7b.o)
    0x08000138   0x08000138   0x00000000   Code   RO          984    .ARM.Collect$$$$0000000A  mc_w.l(entry8b.o)
    0x08000138   0x08000138   0x00000008   Code   RO          985    .ARM.Collect$$$$0000000B  mc_w.l(entry9a.o)
    0x08000140   0x08000140   0x00000000   Code   RO          987    .ARM.Collect$$$$0000000D  mc_w.l(entry10a.o)
    0x08000140   0x08000140   0x00000000   Code   RO          989    .ARM.Collect$$$$0000000F  mc_w.l(entry11a.o)
    0x08000140   0x08000140   0x00000004   Code   RO          978    .ARM.Collect$$$$00002712  mc_w.l(entry2.o)
    0x08000144   0x08000144   0x00000024   Code   RO            4    .text               startup_stm32f10x_hd.o
    0x08000168   0x08000168   0x000001e0   Code   RO           10    .text               system_stm32f10x.o
    0x08000348   0x08000348   0x000000dc   Code   RO          111    .text               misc.o
    0x08000424   0x08000424   0x00000254   Code   RO          211    .text               stm32f10x_dma.o
    0x08000678   0x08000678   0x0000035c   Code   RO          259    .text               stm32f10x_gpio.o
    0x080009d4   0x080009d4   0x000003a4   Code   RO          307    .text               stm32f10x_rcc.o
    0x08000d78   0x08000d78   0x0000030c   Code   RO          345    .text               stm32f10x_spi.o
    0x08001084   0x08001084   0x00000e1a   Code   RO          357    .text               stm32f10x_tim.o
    0x08001e9e   0x08001e9e   0x00000002   PAD
    0x08001ea0   0x08001ea0   0x00000408   Code   RO          369    .text               stm32f10x_usart.o
    0x080022a8   0x080022a8   0x0000071c   Code   RO          393    .text               main.o
    0x080029c4   0x080029c4   0x00000050   Code   RO          463    .text               stm32f10x_it.o
    0x08002a14   0x08002a14   0x00000060   Code   RO          488    .text               bsp_led.o
    0x08002a74   0x08002a74   0x00000678   Code   RO          500    .text               bsp_spi_flash.o
    0x080030ec   0x080030ec   0x000001f4   Code   RO          517    .text               bsp_usart_dma.o
    0x080032e0   0x080032e0   0x00000244   Code   RO          532    .text               protocol.o
    0x08003524   0x08003524   0x000003d0   Code   RO          547    .text               products.o
    0x080038f4   0x080038f4   0x000000d4   Code   RO          561    .text               delay.o
    0x080039c8   0x080039c8   0x00000240   Code   RO          587    .text               ds18b20.o
    0x08003c08   0x08003c08   0x0000019c   Code   RO          599    .text               screen.o
    0x08003da4   0x08003da4   0x00000340   Code   RO          618    .text               tjc_usart_hmi.o
    0x080040e4   0x080040e4   0x000001c0   Code   RO          643    .text               dht11.o
    0x080042a4   0x080042a4   0x00000034   Code   RO          658    .text               bsp_beep.o
    0x080042d8   0x080042d8   0x00000024   Code   RO          680    .text               mc_w.l(memcpya.o)
    0x080042fc   0x080042fc   0x00000024   Code   RO          682    .text               mc_w.l(memseta.o)
    0x08004320   0x08004320   0x00000024   Code   RO          684    .text               mc_w.l(strstr.o)
    0x08004344   0x08004344   0x00000018   Code   RO          686    .text               mc_w.l(strncpy.o)
    0x0800435c   0x0800435c   0x0000000e   Code   RO          688    .text               mc_w.l(strlen.o)
    0x0800436a   0x0800436a   0x0000001a   Code   RO          953    .text               mc_w.l(atoi.o)
    0x08004384   0x08004384   0x000000b0   Code   RO          955    .text               mf_w.l(fadd.o)
    0x08004434   0x08004434   0x00000064   Code   RO          957    .text               mf_w.l(fmul.o)
    0x08004498   0x08004498   0x000000e4   Code   RO          961    .text               mf_w.l(dmul.o)
    0x0800457c   0x0800457c   0x00000012   Code   RO          963    .text               mf_w.l(fflti.o)
    0x0800458e   0x0800458e   0x0000001a   Code   RO          965    .text               mf_w.l(dfltui.o)
    0x080045a8   0x080045a8   0x00000026   Code   RO          969    .text               mf_w.l(f2d.o)
    0x080045ce   0x080045ce   0x00000038   Code   RO          971    .text               mf_w.l(d2f.o)
    0x08004606   0x08004606   0x00000002   PAD
    0x08004608   0x08004608   0x00000014   Code   RO          975    .text               mf_w.l(cfrcmple.o)
    0x0800461c   0x0800461c   0x0000002c   Code   RO          992    .text               mc_w.l(uidiv.o)
    0x08004648   0x08004648   0x00000062   Code   RO          994    .text               mc_w.l(uldiv.o)
    0x080046aa   0x080046aa   0x00000002   PAD
    0x080046ac   0x080046ac   0x0000009c   Code   RO         1003    .text               mc_w.l(strtod.o)
    0x08004748   0x08004748   0x00000070   Code   RO         1005    .text               mc_w.l(strtol.o)
    0x080047b8   0x080047b8   0x00000000   Code   RO         1007    .text               mc_w.l(iusefp.o)
    0x080047b8   0x080047b8   0x0000006e   Code   RO         1008    .text               mf_w.l(fepilogue.o)
    0x08004826   0x08004826   0x000000ba   Code   RO         1010    .text               mf_w.l(depilogue.o)
    0x080048e0   0x080048e0   0x0000014e   Code   RO         1012    .text               mf_w.l(dadd.o)
    0x08004a2e   0x08004a2e   0x000000de   Code   RO         1014    .text               mf_w.l(ddiv.o)
    0x08004b0c   0x08004b0c   0x00000030   Code   RO         1016    .text               mf_w.l(dfixul.o)
    0x08004b3c   0x08004b3c   0x00000030   Code   RO         1018    .text               mf_w.l(cdrcmple.o)
    0x08004b6c   0x08004b6c   0x00000024   Code   RO         1020    .text               mc_w.l(init.o)
    0x08004b90   0x08004b90   0x0000001e   Code   RO         1022    .text               mc_w.l(llshl.o)
    0x08004bae   0x08004bae   0x00000020   Code   RO         1024    .text               mc_w.l(llushr.o)
    0x08004bce   0x08004bce   0x00000024   Code   RO         1026    .text               mc_w.l(llsshr.o)
    0x08004bf2   0x08004bf2   0x00000002   PAD
    0x08004bf4   0x08004bf4   0x00000008   Code   RO         1030    .text               mc_w.l(ctype_o.o)
    0x08004bfc   0x08004bfc   0x00000012   Code   RO         1052    .text               mc_w.l(isspace_o.o)
    0x08004c0e   0x08004c0e   0x00000002   PAD
    0x08004c10   0x08004c10   0x00000360   Code   RO         1058    .text               mc_w.l(scanf_fp.o)
    0x08004f70   0x08004f70   0x00000040   Code   RO         1062    .text               mc_w.l(_sgetc.o)
    0x08004fb0   0x08004fb0   0x0000009e   Code   RO         1064    .text               mc_w.l(_strtoul.o)
    0x0800504e   0x0800504e   0x0000001c   Code   RO         1069    .text               mc_w.l(_chval.o)
    0x0800506a   0x0800506a   0x00000018   Code   RO         1071    .text               mf_w.l(dfltul.o)
    0x08005082   0x08005082   0x00000002   PAD
    0x08005084   0x08005084   0x00000020   Code   RO          925    i.__0printf         mc_w.l(printfa.o)
    0x080050a4   0x080050a4   0x0000002c   Code   RO          930    i.__0vsnprintf      mc_w.l(printfa.o)
    0x080050d0   0x080050d0   0x00000008   Code   RO          996    i.__aeabi_errno_addr  mc_w.l(errno.o)
    0x080050d8   0x080050d8   0x0000000c   Code   RO          997    i.__read_errno      mc_w.l(errno.o)
    0x080050e4   0x080050e4   0x0000000e   Code   RO         1075    i.__scatterload_copy  mc_w.l(handlers.o)
    0x080050f2   0x080050f2   0x00000002   Code   RO         1076    i.__scatterload_null  mc_w.l(handlers.o)
    0x080050f4   0x080050f4   0x0000000e   Code   RO         1077    i.__scatterload_zeroinit  mc_w.l(handlers.o)
    0x08005102   0x08005102   0x00000002   PAD
    0x08005104   0x08005104   0x0000000c   Code   RO          998    i.__set_errno       mc_w.l(errno.o)
    0x08005110   0x08005110   0x00000184   Code   RO          932    i._fp_digits        mc_w.l(printfa.o)
    0x08005294   0x08005294   0x0000000e   Code   RO         1060    i._is_digit         mc_w.l(scanf_fp.o)
    0x080052a2   0x080052a2   0x00000002   PAD
    0x080052a4   0x080052a4   0x000006dc   Code   RO          933    i._printf_core      mc_w.l(printfa.o)
    0x08005980   0x08005980   0x00000024   Code   RO          934    i._printf_post_padding  mc_w.l(printfa.o)
    0x080059a4   0x080059a4   0x0000002e   Code   RO          935    i._printf_pre_padding  mc_w.l(printfa.o)
    0x080059d2   0x080059d2   0x00000016   Code   RO          936    i._snputc           mc_w.l(printfa.o)
    0x080059e8   0x080059e8   0x0000002a   Code   RO          674    i.atof              m_ws.l(atof.o)
    0x08005a12   0x08005a12   0x00000081   Data   RO         1031    .constdata          mc_w.l(ctype_o.o)
    0x08005a93   0x08005a93   0x00000001   PAD
    0x08005a94   0x08005a94   0x00000004   Data   RO         1032    .constdata          mc_w.l(ctype_o.o)
    0x08005a98   0x08005a98   0x000000a5   Data   RO          395    .conststring        main.o
    0x08005b3d   0x08005b3d   0x00000003   PAD
    0x08005b40   0x08005b40   0x00000020   Data   RO         1073    Region$$Table       anon$$obj.o


    Execution Region RW_IRAM1 (Exec base: 0x20000000, Load base: 0x08005b60, Size: 0x00003350, Max: 0x00010000, ABSOLUTE)

    Exec Addr    Load Addr    Size         Type   Attr      Idx    E Section Name        Object

    0x20000000   0x08005b60   0x00000014   Data   RW           11    .data               system_stm32f10x.o
    0x20000014   0x08005b74   0x00000014   Data   RW          308    .data               stm32f10x_rcc.o
    0x20000028   0x08005b88   0x00000018   Data   RW          396    .data               main.o
    0x20000040   0x08005ba0   0x00000005   Data   RW          501    .data               bsp_spi_flash.o
    0x20000045   0x08005ba5   0x00000003   PAD
    0x20000048   0x08005ba8   0x00000004   Data   RW          548    .data               products.o
    0x2000004c   0x08005bac   0x00000004   Data   RW          562    .data               delay.o
    0x20000050   0x08005bb0   0x00000004   Data   RW          601    .data               screen.o
    0x20000054   0x08005bb4   0x00000004   Data   RW          991    .data               mc_w.l(stdout.o)
    0x20000058   0x08005bb8   0x00000004   Data   RW          999    .data               mc_w.l(errno.o)
    0x2000005c        -       0x000011cc   Zero   RW          394    .bss                main.o
    0x20001228        -       0x00001388   Zero   RW          518    .bss                bsp_usart_dma.o
    0x200025b0        -       0x00000486   Zero   RW          533    .bss                protocol.o
    0x20002a36   0x08005bbc   0x00000002   PAD
    0x20002a38        -       0x00000318   Zero   RW          600    .bss                screen.o
    0x20002d50        -       0x000001fa   Zero   RW          619    .bss                tjc_usart_hmi.o
    0x20002f4a   0x08005bbc   0x00000006   PAD
    0x20002f50        -       0x00000400   Zero   RW            1    STACK               startup_stm32f10x_hd.o


==============================================================================

Image component sizes


      Code (inc. data)   RO Data    RW Data    ZI Data      Debug   Object Name

        52          6          0          0          0        587   bsp_beep.o
        96          6          0          0          0        606   bsp_led.o
      1656        140          0          5          0       6124   bsp_spi_flash.o
       500         16          0          0       5000       3234   bsp_usart_dma.o
       212         18          0          4          0       1175   delay.o
       448          6          0          0          0       2801   dht11.o
       576         26          0          0          0       2478   ds18b20.o
      1820        706        165         24       4556       8031   main.o
       220         22          0          0          0       1973   misc.o
       976        440          0          4          0       3545   products.o
       580         92          0          0       1158       2431   protocol.o
       412         74          0          4        792       3009   screen.o
        36          8        304          0       1024        916   startup_stm32f10x_hd.o
       596          8          0          0          0       4538   stm32f10x_dma.o
       860         38          0          0          0       5901   stm32f10x_gpio.o
        80          4          0          0          0       1540   stm32f10x_it.o
       932         36          0         20          0       9160   stm32f10x_rcc.o
       780         14          0          0          0       6786   stm32f10x_spi.o
      3610         88          0          0          0      23012   stm32f10x_tim.o
      1032         22          0          0          0       8632   stm32f10x_usart.o
       480         38          0         20          0     272427   system_stm32f10x.o
       832         16          0          0        506       4682   tjc_usart_hmi.o

    ----------------------------------------------------------------------
     16788       1824        504         84      13044     373588   Object Totals
         0          0         32          0          0          0   (incl. Generated)
         2          0          3          3          8          0   (incl. Padding)

    ----------------------------------------------------------------------

      Code (inc. data)   RO Data    RW Data    ZI Data      Debug   Library Member Name

        42          0          0          0          0         84   atof.o
        28          0          0          0          0         68   _chval.o
        64          0          0          0          0         84   _sgetc.o
       158          0          0          0          0         92   _strtoul.o
        26          0          0          0          0         80   atoi.o
         8          4        133          0          0         68   ctype_o.o
         0          0          0          0          0          0   entry.o
         0          0          0          0          0          0   entry10a.o
         0          0          0          0          0          0   entry11a.o
         8          4          0          0          0          0   entry2.o
         4          0          0          0          0          0   entry5.o
         0          0          0          0          0          0   entry7b.o
         0          0          0          0          0          0   entry8b.o
         8          4          0          0          0          0   entry9a.o
        32         16          0          4          0        204   errno.o
        30          0          0          0          0          0   handlers.o
        36          8          0          0          0         68   init.o
        18          0          0          0          0         76   isspace_o.o
         0          0          0          0          0          0   iusefp.o
        30          0          0          0          0         68   llshl.o
        36          0          0          0          0         68   llsshr.o
        32          0          0          0          0         68   llushr.o
        36          0          0          0          0         68   memcpya.o
        36          0          0          0          0        108   memseta.o
      2324         94          0          0          0        600   printfa.o
       878         12          0          0          0        216   scanf_fp.o
         0          0          0          4          0          0   stdout.o
        14          0          0          0          0         68   strlen.o
        24          0          0          0          0         76   strncpy.o
        36          0          0          0          0         80   strstr.o
       156         12          0          0          0        120   strtod.o
       112          0          0          0          0         88   strtol.o
        44          0          0          0          0         80   uidiv.o
        98          0          0          0          0         92   uldiv.o
        48          0          0          0          0         68   cdrcmple.o
        20          0          0          0          0         68   cfrcmple.o
        56          0          0          0          0         88   d2f.o
       334          0          0          0          0        148   dadd.o
       222          0          0          0          0        100   ddiv.o
       186          0          0          0          0        176   depilogue.o
        48          0          0          0          0         68   dfixul.o
        26          0          0          0          0         76   dfltui.o
        24          0          0          0          0         76   dfltul.o
       228          0          0          0          0         96   dmul.o
        38          0          0          0          0         68   f2d.o
       176          0          0          0          0        140   fadd.o
       110          0          0          0          0        168   fepilogue.o
        18          0          0          0          0         68   fflti.o
       100          0          0          0          0         76   fmul.o

    ----------------------------------------------------------------------
      5966        154        134          8          0       4108   Library Totals
        14          0          1          0          0          0   (incl. Padding)

    ----------------------------------------------------------------------

      Code (inc. data)   RO Data    RW Data    ZI Data      Debug   Library Name

        42          0          0          0          0         84   m_ws.l
      4276        154        133          8          0       2540   mc_w.l
      1634          0          0          0          0       1484   mf_w.l

    ----------------------------------------------------------------------
      5966        154        134          8          0       4108   Library Totals

    ----------------------------------------------------------------------

==============================================================================


      Code (inc. data)   RO Data    RW Data    ZI Data      Debug   

     22754       1978        638         92      13044     373740   Grand Totals
     22754       1978        638         92      13044     373740   ELF Image Totals
     22754       1978        638         92          0          0   ROM Totals

==============================================================================

    Total RO  Size (Code + RO Data)                23392 (  22.84kB)
    Total RW  Size (RW Data + ZI Data)             13136 (  12.83kB)
    Total ROM Size (Code + RO Data + RW Data)      23484 (  22.93kB)

==============================================================================

